Component: ARM Compiler 5.06 update 6 (build 750) Tool: armlink [4d35ed]

==============================================================================

Section Cross References

    liquidcrystal.o(i._ZN13LiquidCrystal10autoscrollEv) refers to liquidcrystal.o(i._ZN13LiquidCrystal7commandEh) for LiquidCrystal::command(unsigned char)
    liquidcrystal.o(i._ZN13LiquidCrystal10createCharEhPh) refers to liquidcrystal.o(i._ZN13LiquidCrystal7commandEh) for LiquidCrystal::command(unsigned char)
    liquidcrystal.o(i._ZN13LiquidCrystal10write4bitsEh) refers to stm32f4xx_hal_gpio.o(i.HAL_GPIO_WritePin) for HAL_GPIO_WritePin
    liquidcrystal.o(i._ZN13LiquidCrystal10write4bitsEh) refers to liquidcrystal.o(i._ZN13LiquidCrystal11pulseEnableEv) for LiquidCrystal::pulseEnable()
    liquidcrystal.o(i._ZN13LiquidCrystal11leftToRightEv) refers to liquidcrystal.o(i._ZN13LiquidCrystal7commandEh) for LiquidCrystal::command(unsigned char)
    liquidcrystal.o(i._ZN13LiquidCrystal11pulseEnableEv) refers to stm32f4xx_hal_gpio.o(i.HAL_GPIO_WritePin) for HAL_GPIO_WritePin
    liquidcrystal.o(i._ZN13LiquidCrystal11pulseEnableEv) refers to stm32f4xx_hal.o(i.HAL_Delay) for HAL_Delay
    liquidcrystal.o(i._ZN13LiquidCrystal11rightToLeftEv) refers to liquidcrystal.o(i._ZN13LiquidCrystal7commandEh) for LiquidCrystal::command(unsigned char)
    liquidcrystal.o(i._ZN13LiquidCrystal12noAutoscrollEv) refers to liquidcrystal.o(i._ZN13LiquidCrystal7commandEh) for LiquidCrystal::command(unsigned char)
    liquidcrystal.o(i._ZN13LiquidCrystal17scrollDisplayLeftEv) refers to liquidcrystal.o(i._ZN13LiquidCrystal7commandEh) for LiquidCrystal::command(unsigned char)
    liquidcrystal.o(i._ZN13LiquidCrystal18scrollDisplayRightEv) refers to liquidcrystal.o(i._ZN13LiquidCrystal7commandEh) for LiquidCrystal::command(unsigned char)
    liquidcrystal.o(i._ZN13LiquidCrystal4homeEv) refers to liquidcrystal.o(i._ZN13LiquidCrystal7commandEh) for LiquidCrystal::command(unsigned char)
    liquidcrystal.o(i._ZN13LiquidCrystal4homeEv) refers to stm32f4xx_hal.o(i.HAL_Delay) for HAL_Delay
    liquidcrystal.o(i._ZN13LiquidCrystal4initEv) refers to liquidcrystal.o(i._ZN13LiquidCrystal5beginEhhh) for LiquidCrystal::begin(unsigned char, unsigned char, unsigned char)
    liquidcrystal.o(i._ZN13LiquidCrystal4sendEh13GPIO_PinState) refers to stm32f4xx_hal_gpio.o(i.HAL_GPIO_WritePin) for HAL_GPIO_WritePin
    liquidcrystal.o(i._ZN13LiquidCrystal4sendEh13GPIO_PinState) refers to liquidcrystal.o(i._ZN13LiquidCrystal10write4bitsEh) for LiquidCrystal::write4bits(unsigned char)
    liquidcrystal.o(i._ZN13LiquidCrystal5beginEhhh) refers to liquidcrystal.o(i._ZN13LiquidCrystal13setRowOffsetsEiiii) for LiquidCrystal::setRowOffsets(int, int, int, int)
    liquidcrystal.o(i._ZN13LiquidCrystal5beginEhhh) refers to rt_memclr_w.o(.text) for __aeabi_memclr4
    liquidcrystal.o(i._ZN13LiquidCrystal5beginEhhh) refers to stm32f4xx_hal_gpio.o(i.HAL_GPIO_WritePin) for HAL_GPIO_WritePin
    liquidcrystal.o(i._ZN13LiquidCrystal5beginEhhh) refers to stm32f4xx_hal_gpio.o(i.HAL_GPIO_Init) for HAL_GPIO_Init
    liquidcrystal.o(i._ZN13LiquidCrystal5beginEhhh) refers to stm32f4xx_hal.o(i.HAL_Delay) for HAL_Delay
    liquidcrystal.o(i._ZN13LiquidCrystal5beginEhhh) refers to liquidcrystal.o(i._ZN13LiquidCrystal10write4bitsEh) for LiquidCrystal::write4bits(unsigned char)
    liquidcrystal.o(i._ZN13LiquidCrystal5beginEhhh) refers to liquidcrystal.o(i._ZN13LiquidCrystal7commandEh) for LiquidCrystal::command(unsigned char)
    liquidcrystal.o(i._ZN13LiquidCrystal5beginEhhh) refers to liquidcrystal.o(i._ZN13LiquidCrystal7displayEv) for LiquidCrystal::display()
    liquidcrystal.o(i._ZN13LiquidCrystal5beginEhhh) refers to liquidcrystal.o(i._ZN13LiquidCrystal5clearEv) for LiquidCrystal::clear()
    liquidcrystal.o(i._ZN13LiquidCrystal5blinkEv) refers to liquidcrystal.o(i._ZN13LiquidCrystal7commandEh) for LiquidCrystal::command(unsigned char)
    liquidcrystal.o(i._ZN13LiquidCrystal5clearEv) refers to liquidcrystal.o(i._ZN13LiquidCrystal7commandEh) for LiquidCrystal::command(unsigned char)
    liquidcrystal.o(i._ZN13LiquidCrystal5clearEv) refers to stm32f4xx_hal.o(i.HAL_Delay) for HAL_Delay
    liquidcrystal.o(i._ZN13LiquidCrystal5writeEh) refers to liquidcrystal.o(i._ZN13LiquidCrystal4sendEh13GPIO_PinState) for LiquidCrystal::send(unsigned char, GPIO_PinState)
    liquidcrystal.o(i._ZN13LiquidCrystal6cursorEv) refers to liquidcrystal.o(i._ZN13LiquidCrystal7commandEh) for LiquidCrystal::command(unsigned char)
    liquidcrystal.o(i._ZN13LiquidCrystal7displayEv) refers to liquidcrystal.o(i._ZN13LiquidCrystal7commandEh) for LiquidCrystal::command(unsigned char)
    liquidcrystal.o(i._ZN13LiquidCrystal7noBlinkEv) refers to liquidcrystal.o(i._ZN13LiquidCrystal7commandEh) for LiquidCrystal::command(unsigned char)
    liquidcrystal.o(i._ZN13LiquidCrystal8noCursorEv) refers to liquidcrystal.o(i._ZN13LiquidCrystal7commandEh) for LiquidCrystal::command(unsigned char)
[...]
    rtexit2.o(.ARM.exidx) refers to rtexit2.o(.ARM.Collect$$rtexit$$00000003) for .ARM.Collect$$rtexit$$00000003
    rtexit2.o(.ARM.exidx) refers to rtexit2.o(.ARM.Collect$$rtexit$$00000004) for .ARM.Collect$$rtexit$$00000004
    rt_raise.o(.text) refers to __raise.o(.text) for __raise
    rt_raise.o(.text) refers to sys_exit.o(.text) for _sys_exit
    maybetermalloc2.o(.emb_text) refers (Special) to term_alloc.o(.text) for _terminate_alloc
    h1_extend.o(.text) refers to h1_free.o(.text) for free
    h1_extend_mt.o(.text) refers to h1_free_mt.o(.text) for _free_internal
    defsig_exit.o(.text) refers to sys_exit.o(.text) for _sys_exit
    defsig_abrt_inner.o(.text) refers to defsig_general.o(.text) for __default_signal_display
    defsig_rtmem_outer.o(.text) refers to defsig_rtmem_inner.o(.text) for __rt_SIGRTMEM_inner
    defsig_rtmem_outer.o(.text) refers to defsig_exit.o(.text) for __sig_exit
    defsig_rtmem_formal.o(.text) refers to rt_raise.o(.text) for __rt_raise
    heapauxa.o(.text) refers to heapauxa.o(.data) for .data
    argv_veneer.o(.emb_text) refers to no_argv.o(.text) for __ARM_get_argv
    term_alloc.o(.text) refers (Special) to libshutdown2.o(.ARM.Collect$$libshutdown$$0000000E) for __rt_lib_shutdown_heap_2
    term_alloc.o(.text) refers to rt_heap_descriptor_intlibspace.o(.text) for __rt_heap_descriptor
    term_alloc.o(.text) refers to h1_final.o(.text) for __Heap_Finalize
    __raise.o(.text) refers to defsig.o(CL$$defsig) for __default_signal_handler
    defsig_general.o(.text) refers to sys_wrch.o(.text) for _ttywrch
    defsig_rtmem_inner.o(.text) refers to defsig_general.o(.text) for __default_signal_display
    _get_argv_nomalloc.o(.text) refers (Special) to hrguard.o(.text) for __heap_region$guard
    _get_argv_nomalloc.o(.text) refers to defsig_rtmem_outer.o(.text) for __rt_SIGRTMEM
    _get_argv_nomalloc.o(.text) refers to sys_command.o(.text) for _sys_command_string
    libshutdown.o(.ARM.Collect$$libshutdown$$00000000) refers (Special) to libshutdown2.o(.ARM.Collect$$libshutdown$$00000002) for __rt_lib_shutdown_cpp_1
    libshutdown.o(.ARM.Collect$$libshutdown$$00000000) refers (Special) to libshutdown2.o(.ARM.Collect$$libshutdown$$00000007) for __rt_lib_shutdown_fp_trap_1
    libshutdown.o(.ARM.Collect$$libshutdown$$00000000) refers (Special) to libshutdown2.o(.ARM.Collect$$libshutdown$$0000000F) for __rt_lib_shutdown_heap_1
    libshutdown.o(.ARM.Collect$$libshutdown$$00000000) refers (Special) to libshutdown2.o(.ARM.Collect$$libshutdown$$00000010) for __rt_lib_shutdown_return
    libshutdown.o(.ARM.Collect$$libshutdown$$00000000) refers (Special) to libshutdown2.o(.ARM.Collect$$libshutdown$$0000000A) for __rt_lib_shutdown_signal_1
    libshutdown.o(.ARM.Collect$$libshutdown$$00000000) refers (Special) to libshutdown2.o(.ARM.Collect$$libshutdown$$00000004) for __rt_lib_shutdown_stdio_1
    libshutdown.o(.ARM.Collect$$libshutdown$$00000000) refers (Special) to libshutdown2.o(.ARM.Collect$$libshutdown$$0000000C) for __rt_lib_shutdown_user_alloc_1
    sys_wrch.o(.text) refers (Special) to use_no_semi.o(.text) for __I$use$semihosting
    sys_wrch.o(.text) refers (Special) to indicate_semi.o(.text) for __semihosting_library_function
    defsig.o(CL$$defsig) refers to defsig_abrt_inner.o(.text) for __rt_SIGABRT_inner
    defsig.o(CL$$defsig) refers to defsig_rtmem_inner.o(.text) for __rt_SIGRTMEM_inner
    libshutdown2.o(.ARM.Collect$$libshutdown$$0000000D) refers (Weak) to term_alloc.o(.text) for _terminate_alloc
    defsig_fpe_inner.o(.text) refers to defsig_general.o(.text) for __default_signal_display
    defsig_rtred_inner.o(.text) refers to defsig_general.o(.text) for __default_signal_display
    defsig_stak_inner.o(.text) refers to defsig_general.o(.text) for __default_signal_display
    defsig_pvfn_inner.o(.text) refers to defsig_general.o(.text) for __default_signal_display
    defsig_cppl_inner.o(.text) refers to defsig_general.o(.text) for __default_signal_display
    defsig_segv_inner.o(.text) refers to defsig_general.o(.text) for __default_signal_display
    defsig_other.o(.text) refers to defsig_general.o(.text) for __default_signal_display
    liquidcrystal.o(.constdata__ZTV13LiquidCrystal) refers to liquidcrystal.o(.constdata__ZTI13LiquidCrystal) for typeinfo for LiquidCrystal
    liquidcrystal.o(.constdata__ZTV13LiquidCrystal) refers to liquidcrystal.o(i._ZN13LiquidCrystal5writeEh) for LiquidCrystal::write(unsigned char)
    liquidcrystal.o(i._ZN13LiquidCrystal7commandEh) refers to liquidcrystal.o(i._ZN13LiquidCrystal4sendEh13GPIO_PinState) for LiquidCrystal::send(unsigned char, GPIO_PinState)
    liquidcrystal.o(.ARM.exidx) refers to liquidcrystal.o(i._ZN13LiquidCrystal7commandEh) for i._ZN13LiquidCrystal7commandEh
    liquidcrystal.o(.constdata__ZTI13LiquidCrystal) refers to lib_rtti_impl.o(.constdata__ZTVN10__cxxabiv117__class_type_infoE) for vtable for __cxxabiv1::__class_type_info
    liquidcrystal.o(.constdata__ZTI13LiquidCrystal) refers to liquidcrystal.o(.constdata__ZTS13LiquidCrystal) for typeinfo name for LiquidCrystal
    lib_rtti_impl.o(.constdata__ZTVN10__cxxabiv123__fundamental_type_infoE) refers to lib_rtti_impl.o(.constdata__ZTIN10__cxxabiv123__fundamental_type_infoE) for typeinfo for __cxxabiv1::__fundamental_type_info
    lib_rtti_impl.o(.constdata__ZTVN10__cxxabiv123__fundamental_type_infoE) refers to lib_rtti_impl.o(i._ZN10__cxxabiv123__fundamental_type_infoD1Ev) for __cxxabiv1::__fundamental_type_info::~__fundamental_type_info()
    lib_rtti_impl.o(.constdata__ZTVN10__cxxabiv123__fundamental_type_infoE) refers to lib_rtti_impl.o(i._ZN10__cxxabiv123__fundamental_type_infoD0Ev) for __cxxabiv1::__fundamental_type_info::~__fundamental_type_info__deallocating()
    lib_rtti_impl.o(.constdata__ZTVN10__cxxabiv117__array_type_infoE) refers to lib_rtti_impl.o(.constdata__ZTIN10__cxxabiv117__array_type_infoE) for typeinfo for __cxxabiv1::__array_type_info
    lib_rtti_impl.o(.constdata__ZTVN10__cxxabiv117__array_type_infoE) refers to lib_rtti_impl.o(i._ZN10__cxxabiv117__array_type_infoD1Ev) for __cxxabiv1::__array_type_info::~__array_type_info()
    lib_rtti_impl.o(.constdata__ZTVN10__cxxabiv117__array_type_infoE) refers to lib_rtti_impl.o(i._ZN10__cxxabiv117__array_type_infoD0Ev) for __cxxabiv1::__array_type_info::~__array_type_info__deallocating()
    lib_rtti_impl.o(.constdata__ZTVN10__cxxabiv120__function_type_infoE) refers to lib_rtti_impl.o(.constdata__ZTIN10__cxxabiv120__function_type_infoE) for typeinfo for __cxxabiv1::__function_type_info
    lib_rtti_impl.o(.constdata__ZTVN10__cxxabiv120__function_type_infoE) refers to lib_rtti_impl.o(i._ZN10__cxxabiv120__function_type_infoD1Ev) for __cxxabiv1::__function_type_info::~__function_type_info()
    lib_rtti_impl.o(.constdata__ZTVN10__cxxabiv120__function_type_infoE) refers to lib_rtti_impl.o(i._ZN10__cxxabiv120__function_type_infoD0Ev) for __cxxabiv1::__function_type_info::~__function_type_info__deallocating()
    lib_rtti_impl.o(.constdata__ZTVN10__cxxabiv116__enum_type_infoE) refers to lib_rtti_impl.o(.constdata__ZTIN10__cxxabiv116__enum_type_infoE) for typeinfo for __cxxabiv1::__enum_type_info
    lib_rtti_impl.o(.constdata__ZTVN10__cxxabiv116__enum_type_infoE) refers to lib_rtti_impl.o(i._ZN10__cxxabiv116__enum_type_infoD1Ev) for __cxxabiv1::__enum_type_info::~__enum_type_info()
    lib_rtti_impl.o(.constdata__ZTVN10__cxxabiv116__enum_type_infoE) refers to lib_rtti_impl.o(i._ZN10__cxxabiv116__enum_type_infoD0Ev) for __cxxabiv1::__enum_type_info::~__enum_type_info__deallocating()
    lib_rtti_impl.o(.constdata__ZTVN10__cxxabiv117__class_type_infoE) refers to lib_rtti_impl.o(.constdata__ZTIN10__cxxabiv117__class_type_infoE) for typeinfo for __cxxabiv1::__class_type_info
    lib_rtti_impl.o(.constdata__ZTVN10__cxxabiv117__class_type_infoE) refers to lib_rtti_impl.o(i._ZN10__cxxabiv117__class_type_infoD1Ev) for __cxxabiv1::__class_type_info::~__class_type_info()
    lib_rtti_impl.o(.constdata__ZTVN10__cxxabiv117__class_type_infoE) refers to lib_rtti_impl.o(i._ZN10__cxxabiv117__class_type_infoD0Ev) for __cxxabiv1::__class_type_info::~__class_type_info__deallocating()
    lib_rtti_impl.o(.constdata__ZTVN10__cxxabiv120__si_class_type_infoE) refers to lib_rtti_impl.o(.constdata__ZTIN10__cxxabiv120__si_class_type_infoE) for typeinfo for __cxxabiv1::__si_class_type_info
    lib_rtti_impl.o(.constdata__ZTVN10__cxxabiv120__si_class_type_infoE) refers to lib_rtti_impl.o(i._ZN10__cxxabiv120__si_class_type_infoD1Ev) for __cxxabiv1::__si_class_type_info::~__si_class_type_info()
    lib_rtti_impl.o(.constdata__ZTVN10__cxxabiv120__si_class_type_infoE) refers to lib_rtti_impl.o(i._ZN10__cxxabiv120__si_class_type_infoD0Ev) for __cxxabiv1::__si_class_type_info::~__si_class_type_info__deallocating()
    lib_rtti_impl.o(.constdata__ZTVN10__cxxabiv121__vmi_class_type_infoE) refers to lib_rtti_impl.o(.constdata__ZTIN10__cxxabiv121__vmi_class_type_infoE) for typeinfo for __cxxabiv1::__vmi_class_type_info
    lib_rtti_impl.o(.constdata__ZTVN10__cxxabiv121__vmi_class_type_infoE) refers to lib_rtti_impl.o(i._ZN10__cxxabiv121__vmi_class_type_infoD1Ev) for __cxxabiv1::__vmi_class_type_info::~__vmi_class_type_info()
    lib_rtti_impl.o(.constdata__ZTVN10__cxxabiv121__vmi_class_type_infoE) refers to lib_rtti_impl.o(i._ZN10__cxxabiv121__vmi_class_type_infoD0Ev) for __cxxabiv1::__vmi_class_type_info::~__vmi_class_type_info__deallocating()
    lib_rtti_impl.o(.constdata__ZTVN10__cxxabiv117__pbase_type_infoE) refers to lib_rtti_impl.o(.constdata__ZTIN10__cxxabiv117__pbase_type_infoE) for typeinfo for __cxxabiv1::__pbase_type_info
    lib_rtti_impl.o(.constdata__ZTVN10__cxxabiv117__pbase_type_infoE) refers to lib_rtti_impl.o(i._ZN10__cxxabiv117__pbase_type_infoD1Ev) for __cxxabiv1::__pbase_type_info::~__pbase_type_info()
    lib_rtti_impl.o(.constdata__ZTVN10__cxxabiv117__pbase_type_infoE) refers to lib_rtti_impl.o(i._ZN10__cxxabiv117__pbase_type_infoD0Ev) for __cxxabiv1::__pbase_type_info::~__pbase_type_info__deallocating()
    lib_rtti_impl.o(.constdata__ZTVN10__cxxabiv119__pointer_type_infoE) refers to lib_rtti_impl.o(.constdata__ZTIN10__cxxabiv119__pointer_type_infoE) for typeinfo for __cxxabiv1::__pointer_type_info
    lib_rtti_impl.o(.constdata__ZTVN10__cxxabiv119__pointer_type_infoE) refers to lib_rtti_impl.o(i._ZN10__cxxabiv119__pointer_type_infoD1Ev) for __cxxabiv1::__pointer_type_info::~__pointer_type_info()
    lib_rtti_impl.o(.constdata__ZTVN10__cxxabiv119__pointer_type_infoE) refers to lib_rtti_impl.o(i._ZN10__cxxabiv119__pointer_type_infoD0Ev) for __cxxabiv1::__pointer_type_info::~__pointer_type_info__deallocating()
    lib_rtti_impl.o(.constdata__ZTVN10__cxxabiv129__pointer_to_member_type_infoE) refers to lib_rtti_impl.o(.constdata__ZTIN10__cxxabiv129__pointer_to_member_type_infoE) for typeinfo for __cxxabiv1::__pointer_to_member_type_info
    lib_rtti_impl.o(.constdata__ZTVN10__cxxabiv129__pointer_to_member_type_infoE) refers to lib_rtti_impl.o(i._ZN10__cxxabiv129__pointer_to_member_type_infoD1Ev) for __cxxabiv1::__pointer_to_member_type_info::~__pointer_to_member_type_info()
    lib_rtti_impl.o(.constdata__ZTVN10__cxxabiv129__pointer_to_member_type_infoE) refers to lib_rtti_impl.o(i._ZN10__cxxabiv129__pointer_to_member_type_infoD0Ev) for __cxxabiv1::__pointer_to_member_type_info::~__pointer_to_member_type_info__deallocating()
    lib_rtti_impl.o(.ARM.exidx) refers to lib_rtti_impl.o(i._ZNSt9type_infodlEPv) for i._ZNSt9type_infodlEPv
    lib_rtti_impl.o(.constdata__ZTIN10__cxxabiv123__fundamental_type_infoE) refers to lib_rtti_impl.o(.constdata__ZTVN10__cxxabiv120__si_class_type_infoE) for vtable for __cxxabiv1::__si_class_type_info
    lib_rtti_impl.o(.constdata__ZTIN10__cxxabiv123__fundamental_type_infoE) refers to lib_rtti_impl.o(.constdata__ZTSN10__cxxabiv123__fundamental_type_infoE) for typeinfo name for __cxxabiv1::__fundamental_type_info
    lib_rtti_impl.o(.constdata__ZTIN10__cxxabiv123__fundamental_type_infoE) refers to type_info_dtor.o(.constdata__ZTISt9type_info) for typeinfo for std::type_info
    lib_rtti_impl.o(.constdata__ZTIN10__cxxabiv117__array_type_infoE) refers to lib_rtti_impl.o(.constdata__ZTVN10__cxxabiv120__si_class_type_infoE) for vtable for __cxxabiv1::__si_class_type_info
    lib_rtti_impl.o(.constdata__ZTIN10__cxxabiv117__array_type_infoE) refers to lib_rtti_impl.o(.constdata__ZTSN10__cxxabiv117__array_type_infoE) for typeinfo name for __cxxabiv1::__array_type_info
    lib_rtti_impl.o(.constdata__ZTIN10__cxxabiv117__array_type_infoE) refers to type_info_dtor.o(.constdata__ZTISt9type_info) for typeinfo for std::type_info
    lib_rtti_impl.o(.constdata__ZTIN10__cxxabiv120__function_type_infoE) refers to lib_rtti_impl.o(.constdata__ZTVN10__cxxabiv120__si_class_type_infoE) for vtable for __cxxabiv1::__si_class_type_info
    lib_rtti_impl.o(.constdata__ZTIN10__cxxabiv120__function_type_infoE) refers to lib_rtti_impl.o(.constdata__ZTSN10__cxxabiv120__function_type_infoE) for typeinfo name for __cxxabiv1::__function_type_info
    lib_rtti_impl.o(.constdata__ZTIN10__cxxabiv120__function_type_infoE) refers to type_info_dtor.o(.constdata__ZTISt9type_info) for typeinfo for std::type_info
    lib_rtti_impl.o(.constdata__ZTIN10__cxxabiv116__enum_type_infoE) refers to lib_rtti_impl.o(.constdata__ZTVN10__cxxabiv120__si_class_type_infoE) for vtable for __cxxabiv1::__si_class_type_info
    lib_rtti_impl.o(.constdata__ZTIN10__cxxabiv116__enum_type_infoE) refers to lib_rtti_impl.o(.constdata__ZTSN10__cxxabiv116__enum_type_infoE) for typeinfo name for __cxxabiv1::__enum_type_info
    lib_rtti_impl.o(.constdata__ZTIN10__cxxabiv116__enum_type_infoE) refers to type_info_dtor.o(.constdata__ZTISt9type_info) for typeinfo for std::type_info
    lib_rtti_impl.o(.constdata__ZTIN10__cxxabiv117__class_type_infoE) refers to lib_rtti_impl.o(.constdata__ZTVN10__cxxabiv120__si_class_type_infoE) for vtable for __cxxabiv1::__si_class_type_info
    lib_rtti_impl.o(.constdata__ZTIN10__cxxabiv117__class_type_infoE) refers to lib_rtti_impl.o(.constdata__ZTSN10__cxxabiv117__class_type_infoE) for typeinfo name for __cxxabiv1::__class_type_info
    lib_rtti_impl.o(.constdata__ZTIN10__cxxabiv117__class_type_infoE) refers to type_info_dtor.o(.constdata__ZTISt9type_info) for typeinfo for std::type_info
    lib_rtti_impl.o(.constdata__ZTIN10__cxxabiv120__si_class_type_infoE) refers to lib_rtti_impl.o(.constdata__ZTVN10__cxxabiv120__si_class_type_infoE) for vtable for __cxxabiv1::__si_class_type_info
    lib_rtti_impl.o(.constdata__ZTIN10__cxxabiv120__si_class_type_infoE) refers to lib_rtti_impl.o(.constdata__ZTSN10__cxxabiv120__si_class_type_infoE) for typeinfo name for __cxxabiv1::__si_class_type_info
    lib_rtti_impl.o(.constdata__ZTIN10__cxxabiv120__si_class_type_infoE) refers to lib_rtti_impl.o(.constdata__ZTIN10__cxxabiv117__class_type_infoE) for typeinfo for __cxxabiv1::__class_type_info
    lib_rtti_impl.o(.constdata__ZTIN10__cxxabiv121__vmi_class_type_infoE) refers to lib_rtti_impl.o(.constdata__ZTVN10__cxxabiv120__si_class_type_infoE) for vtable for __cxxabiv1::__si_class_type_info
    lib_rtti_impl.o(.constdata__ZTIN10__cxxabiv121__vmi_class_type_infoE) refers to lib_rtti_impl.o(.constdata__ZTSN10__cxxabiv121__vmi_class_type_infoE) for typeinfo name for __cxxabiv1::__vmi_class_type_info
    lib_rtti_impl.o(.constdata__ZTIN10__cxxabiv121__vmi_class_type_infoE) refers to lib_rtti_impl.o(.constdata__ZTIN10__cxxabiv117__class_type_infoE) for typeinfo for __cxxabiv1::__class_type_info
    lib_rtti_impl.o(.constdata__ZTIN10__cxxabiv117__pbase_type_infoE) refers to lib_rtti_impl.o(.constdata__ZTVN10__cxxabiv120__si_class_type_infoE) for vtable for __cxxabiv1::__si_class_type_info
    lib_rtti_impl.o(.constdata__ZTIN10__cxxabiv117__pbase_type_infoE) refers to lib_rtti_impl.o(.constdata__ZTSN10__cxxabiv117__pbase_type_infoE) for typeinfo name for __cxxabiv1::__pbase_type_info
    lib_rtti_impl.o(.constdata__ZTIN10__cxxabiv117__pbase_type_infoE) refers to type_info_dtor.o(.constdata__ZTISt9type_info) for typeinfo for std::type_info
    lib_rtti_impl.o(.constdata__ZTIN10__cxxabiv119__pointer_type_infoE) refers to lib_rtti_impl.o(.constdata__ZTVN10__cxxabiv120__si_class_type_infoE) for vtable for __cxxabiv1::__si_class_type_info
    lib_rtti_impl.o(.constdata__ZTIN10__cxxabiv119__pointer_type_infoE) refers to lib_rtti_impl.o(.constdata__ZTSN10__cxxabiv119__pointer_type_infoE) for typeinfo name for __cxxabiv1::__pointer_type_info
    lib_rtti_impl.o(.constdata__ZTIN10__cxxabiv119__pointer_type_infoE) refers to lib_rtti_impl.o(.constdata__ZTIN10__cxxabiv117__pbase_type_infoE) for typeinfo for __cxxabiv1::__pbase_type_info
    lib_rtti_impl.o(.constdata__ZTIN10__cxxabiv129__pointer_to_member_type_infoE) refers to lib_rtti_impl.o(.constdata__ZTVN10__cxxabiv120__si_class_type_infoE) for vtable for __cxxabiv1::__si_class_type_info
    lib_rtti_impl.o(.constdata__ZTIN10__cxxabiv129__pointer_to_member_type_infoE) refers to lib_rtti_impl.o(.constdata__ZTSN10__cxxabiv129__pointer_to_member_type_infoE) for typeinfo name for __cxxabiv1::__pointer_to_member_type_info
    lib_rtti_impl.o(.constdata__ZTIN10__cxxabiv129__pointer_to_member_type_infoE) refers to lib_rtti_impl.o(.constdata__ZTIN10__cxxabiv117__pbase_type_infoE) for typeinfo for __cxxabiv1::__pbase_type_info
    lib_rtti_impl.o(i.__ARM_common_noexcept_landing) refers to arm_exceptions_callterm.o(.text) for __cxa_call_terminate
    lib_rtti_impl.o(.ARM.exidx) refers to lib_rtti_impl.o(i.__ARM_common_noexcept_landing) for i.__ARM_common_noexcept_landing
    type_info_dtor.o(.constdata__ZTVSt9type_info) refers to type_info_dtor.o(.constdata__ZTISt9type_info) for typeinfo for std::type_info
    type_info_dtor.o(.constdata__ZTVSt9type_info) refers to type_info_dtor.o(i._ZNSt9type_infoD1Ev) for std::type_info::~type_info()
    type_info_dtor.o(.constdata__ZTVSt9type_info) refers to type_info_dtor.o(i._ZNSt9type_infoD0Ev) for std::type_info::~type_info__deallocating()
    type_info_dtor.o(.constdata__ZTISt9type_info) refers to lib_rtti_impl.o(.constdata__ZTVN10__cxxabiv117__class_type_infoE) for vtable for __cxxabiv1::__class_type_info
    type_info_dtor.o(.constdata__ZTISt9type_info) refers to type_info_dtor.o(.constdata__ZTSSt9type_info) for typeinfo name for std::type_info


==============================================================================

Removing Unused input sections from the image.

    Removing liquidcrystal.o(.rev16_text), (4 bytes).
    Removing liquidcrystal.o(.revsh_text), (4 bytes).
    Removing liquidcrystal.o(.rrx_text), (6 bytes).
    Removing liquidcrystal.o(i._ZN13LiquidCrystal10autoscrollEv), (26 bytes).
    Removing liquidcrystal.o(i._ZN13LiquidCrystal10createCharEhPh), (50 bytes).
    Removing liquidcrystal.o(i._ZN13LiquidCrystal12noAutoscrollEv), (26 bytes).
    Removing liquidcrystal.o(i._ZN13LiquidCrystal17scrollDisplayLeftEv), (14 bytes).
    Removing liquidcrystal.o(i._ZN13LiquidCrystal18scrollDisplayRightEv), (14 bytes).
    Removing liquidcrystal.o(i._ZN13LiquidCrystal5blinkEv), (26 bytes).
    Removing liquidcrystal.o(i._ZN13LiquidCrystal5printEPKc), (28 bytes).
    Removing liquidcrystal.o(i._ZN13LiquidCrystal7noBlinkEv), (26 bytes).
    Removing liquidcrystal.o(i._ZN13LiquidCrystal8noCursorEv), (26 bytes).
    Removing liquidcrystal.o(i._ZN13LiquidCrystal9noDisplayEv), (26 bytes).
    Removing liquidcrystal.o(i._ZN13LiquidCrystal9setCursorEhh), (54 bytes).
    Removing liquidcrystal.o(.ARM.exidx), (8 bytes).
    Removing liquidcrystal.o(.ARM.exidx), (8 bytes).
    Removing liquidcrystal.o(.ARM.exidx), (8 bytes).
    Removing liquidcrystal.o(.ARM.exidx), (8 bytes).
    Removing liquidcrystal.o(.ARM.exidx), (8 bytes).
    Removing liquidcrystal.o(.ARM.exidx), (8 bytes).
    Removing liquidcrystal.o(.ARM.exidx), (8 bytes).
    Removing liquidcrystal.o(.ARM.exidx), (8 bytes).
    Removing liquidcrystal.o(.ARM.exidx), (8 bytes).
    Removing liquidcrystal.o(.ARM.exidx), (8 bytes).
    Removing liquidcrystal.o(.ARM.exidx), (8 bytes).
    Removing liquidcrystal.o(.ARM.exidx), (8 bytes).
    Removing liquidcrystal.o(.ARM.exidx), (8 bytes).
    Removing liquidcrystal.o(.ARM.exidx), (8 bytes).
    Removing liquidcrystal.o(.ARM.exidx), (8 bytes).
    Removing liquidcrystal.o(.ARM.exidx), (8 bytes).
    Removing liquidcrystal.o(.ARM.exidx), (8 bytes).
    Removing liquidcrystal.o(.ARM.exidx), (8 bytes).
    Removing liquidcrystal.o(.ARM.exidx), (8 bytes).
    Removing liquidcrystal.o(.ARM.exidx), (8 bytes).
    Removing liquidcrystal.o(.ARM.exidx), (8 bytes).
    Removing liquidcrystal.o(.ARM.exidx), (8 bytes).
    Removing liquidcrystal.o(.ARM.exidx), (8 bytes).
    Removing liquidcrystal.o(.ARM.exidx), (8 bytes).
    Removing liquidcrystal.o(.ARM.exidx), (8 bytes).
    Removing main.o(.rev16_text), (4 bytes).
    Removing main.o(.revsh_text), (4 bytes).
    Removing main.o(.rrx_text), (6 bytes).
    Removing main.o(.ARM.exidx), (8 bytes).
    Removing main.o(.ARM.exidx), (8 bytes).
    Removing main.o(.data), (8 bytes).
    Removing stm32f4xx_hal.o(.rev16_text), (4 bytes).
    Removing stm32f4xx_hal.o(.revsh_text), (4 bytes).
    Removing stm32f4xx_hal.o(.rrx_text), (6 bytes).
    Removing stm32f4xx_hal.o(i.HAL_DBGMCU_DisableDBGSleepMode), (20 bytes).
    Removing stm32f4xx_hal.o(i.HAL_DBGMCU_DisableDBGStandbyMode), (20 bytes).
    Removing stm32f4xx_hal.o(i.HAL_DBGMCU_DisableDBGStopMode), (20 bytes).
    Removing stm32f4xx_hal.o(i.HAL_DBGMCU_EnableDBGSleepMode), (20 bytes).
    Removing stm32f4xx_hal.o(i.HAL_DBGMCU_EnableDBGStandbyMode), (20 bytes).
    Removing stm32f4xx_hal.o(i.HAL_DBGMCU_EnableDBGStopMode), (20 bytes).
    Removing stm32f4xx_hal.o(i.HAL_DeInit), (68 bytes).
    Removing stm32f4xx_hal.o(i.HAL_DisableCompensationCell), (28 bytes).
    Removing stm32f4xx_hal.o(i.HAL_EnableCompensationCell), (28 bytes).
    Removing stm32f4xx_hal.o(i.HAL_GetDEVID), (16 bytes).
    Removing stm32f4xx_hal.o(i.HAL_GetHalVersion), (8 bytes).
    Removing stm32f4xx_hal.o(i.HAL_GetREVID), (12 bytes).
    Removing stm32f4xx_hal.o(i.HAL_MspDeInit), (10 bytes).
    Removing stm32f4xx_hal.o(i.HAL_ResumeTick), (18 bytes).
    Removing stm32f4xx_hal.o(i.HAL_SuspendTick), (18 bytes).
    Removing stm32f4xx_hal_cortex.o(.rev16_text), (4 bytes).
    Removing stm32f4xx_hal_cortex.o(.revsh_text), (4 bytes).
    Removing stm32f4xx_hal_cortex.o(.rrx_text), (6 bytes).
    Removing stm32f4xx_hal_cortex.o(i.HAL_MPU_ConfigRegion), (92 bytes).
    Removing stm32f4xx_hal_cortex.o(i.HAL_NVIC_ClearPendingIRQ), (36 bytes).
    Removing stm32f4xx_hal_cortex.o(i.HAL_NVIC_DisableIRQ), (68 bytes).
    Removing stm32f4xx_hal_cortex.o(i.HAL_NVIC_EnableIRQ), (40 bytes).
    Removing stm32f4xx_hal_cortex.o(i.HAL_NVIC_GetActive), (48 bytes).
    Removing stm32f4xx_hal_cortex.o(i.HAL_NVIC_GetPendingIRQ), (48 bytes).
    Removing stm32f4xx_hal_cortex.o(i.HAL_NVIC_GetPriority), (148 bytes).
    Removing stm32f4xx_hal_cortex.o(i.HAL_NVIC_GetPriorityGrouping), (8 bytes).
    Removing stm32f4xx_hal_cortex.o(i.HAL_NVIC_SetPendingIRQ), (36 bytes).
    Removing stm32f4xx_hal_cortex.o(i.HAL_NVIC_SystemReset), (68 bytes).
    Removing stm32f4xx_hal_cortex.o(i.HAL_SYSTICK_CLKSourceConfig), (40 bytes).
    Removing stm32f4xx_hal_cortex.o(i.HAL_SYSTICK_Callback), (10 bytes).
    Removing stm32f4xx_hal_cortex.o(i.HAL_SYSTICK_IRQHandler), (8 bytes).
    Removing stm32f4xx_hal_flash.o(.rev16_text), (4 bytes).
    Removing stm32f4xx_hal_flash.o(.revsh_text), (4 bytes).
    Removing stm32f4xx_hal_flash.o(.rrx_text), (6 bytes).
    Removing stm32f4xx_hal_flash.o(i.FLASH_Program_Byte), (36 bytes).
    Removing stm32f4xx_hal_flash.o(i.FLASH_Program_DoubleWord), (44 bytes).
    Removing stm32f4xx_hal_flash.o(i.FLASH_Program_HalfWord), (40 bytes).
    Removing stm32f4xx_hal_flash.o(i.FLASH_Program_Word), (40 bytes).
    Removing stm32f4xx_hal_flash.o(i.FLASH_SetErrorCode), (180 bytes).
    Removing stm32f4xx_hal_flash.o(i.FLASH_WaitForLastOperation), (112 bytes).
    Removing stm32f4xx_hal_flash.o(i.HAL_FLASH_EndOfOperationCallback), (10 bytes).
    Removing stm32f4xx_hal_flash.o(i.HAL_FLASH_GetError), (12 bytes).
    Removing stm32f4xx_hal_flash.o(i.HAL_FLASH_IRQHandler), (284 bytes).
    Removing stm32f4xx_hal_flash.o(i.HAL_FLASH_Lock), (20 bytes).
    Removing stm32f4xx_hal_flash.o(i.HAL_FLASH_OB_Launch), (28 bytes).
    Removing stm32f4xx_hal_flash.o(i.HAL_FLASH_OB_Lock), (20 bytes).
    Removing stm32f4xx_hal_flash.o(i.HAL_FLASH_OB_Unlock), (44 bytes).
    Removing stm32f4xx_hal_flash.o(i.HAL_FLASH_OperationErrorCallback), (10 bytes).
    Removing stm32f4xx_hal_flash.o(i.HAL_FLASH_Program), (152 bytes).
    Removing stm32f4xx_hal_flash.o(i.HAL_FLASH_Program_IT), (136 bytes).
    Removing stm32f4xx_hal_flash.o(i.HAL_FLASH_Unlock), (44 bytes).
    Removing stm32f4xx_hal_flash.o(.bss), (32 bytes).
    Removing stm32f4xx_hal_flash_ex.o(.rev16_text), (4 bytes).
    Removing stm32f4xx_hal_flash_ex.o(.revsh_text), (4 bytes).
    Removing stm32f4xx_hal_flash_ex.o(.rrx_text), (6 bytes).
    Removing stm32f4xx_hal_flash_ex.o(i.FLASH_Erase_Sector), (104 bytes).
    Removing stm32f4xx_hal_flash_ex.o(i.FLASH_FlushCaches), (120 bytes).
    Removing stm32f4xx_hal_flash_ex.o(i.FLASH_MassErase), (52 bytes).
    Removing stm32f4xx_hal_flash_ex.o(i.FLASH_OB_BOR_LevelConfig), (32 bytes).
    Removing stm32f4xx_hal_flash_ex.o(i.FLASH_OB_DisableWRP), (40 bytes).
    Removing stm32f4xx_hal_flash_ex.o(i.FLASH_OB_EnableWRP), (40 bytes).
    Removing stm32f4xx_hal_flash_ex.o(i.FLASH_OB_GetBOR), (16 bytes).
    Removing stm32f4xx_hal_flash_ex.o(i.FLASH_OB_GetRDP), (36 bytes).
    Removing stm32f4xx_hal_flash_ex.o(i.FLASH_OB_GetUser), (16 bytes).
    Removing stm32f4xx_hal_flash_ex.o(i.FLASH_OB_GetWRP), (12 bytes).
    Removing stm32f4xx_hal_flash_ex.o(i.FLASH_OB_RDP_LevelConfig), (32 bytes).
    Removing stm32f4xx_hal_flash_ex.o(i.FLASH_OB_UserConfig), (60 bytes).
    Removing stm32f4xx_hal_flash_ex.o(i.HAL_FLASHEx_Erase), (172 bytes).
    Removing stm32f4xx_hal_flash_ex.o(i.HAL_FLASHEx_Erase_IT), (120 bytes).
    Removing stm32f4xx_hal_flash_ex.o(i.HAL_FLASHEx_OBGetConfig), (34 bytes).
    Removing stm32f4xx_hal_flash_ex.o(i.HAL_FLASHEx_OBProgram), (148 bytes).
    Removing stm32f4xx_hal_gpio.o(.rev16_text), (4 bytes).
    Removing stm32f4xx_hal_gpio.o(.revsh_text), (4 bytes).
    Removing stm32f4xx_hal_gpio.o(.rrx_text), (6 bytes).
    Removing stm32f4xx_hal_gpio.o(i.HAL_GPIO_DeInit), (372 bytes).
    Removing stm32f4xx_hal_gpio.o(i.HAL_GPIO_EXTI_Callback), (10 bytes).
    Removing stm32f4xx_hal_gpio.o(i.HAL_GPIO_EXTI_IRQHandler), (28 bytes).
    Removing stm32f4xx_hal_gpio.o(i.HAL_GPIO_LockPin), (46 bytes).
    Removing stm32f4xx_hal_gpio.o(i.HAL_GPIO_ReadPin), (16 bytes).
    Removing stm32f4xx_hal_gpio.o(i.HAL_GPIO_TogglePin), (8 bytes).
    Removing stm32f4xx_hal_rcc.o(.rev16_text), (4 bytes).
    Removing stm32f4xx_hal_rcc.o(.revsh_text), (4 bytes).
    Removing stm32f4xx_hal_rcc.o(.rrx_text), (6 bytes).
    Removing stm32f4xx_hal_rcc.o(i.HAL_RCC_CSSCallback), (10 bytes).
    Removing stm32f4xx_hal_rcc.o(i.HAL_RCC_ClockConfig), (688 bytes).
    Removing stm32f4xx_hal_rcc.o(i.HAL_RCC_DeInit), (2 bytes).
    Removing stm32f4xx_hal_rcc.o(i.HAL_RCC_DisableCSS), (12 bytes).
    Removing stm32f4xx_hal_rcc.o(i.HAL_RCC_EnableCSS), (12 bytes).
    Removing stm32f4xx_hal_rcc.o(i.HAL_RCC_GetClockConfig), (68 bytes).
    Removing stm32f4xx_hal_rcc.o(i.HAL_RCC_GetOscConfig), (292 bytes).
    Removing stm32f4xx_hal_rcc.o(i.HAL_RCC_GetPCLK1Freq), (44 bytes).
    Removing stm32f4xx_hal_rcc.o(i.HAL_RCC_GetPCLK2Freq), (44 bytes).
    Removing stm32f4xx_hal_rcc.o(i.HAL_RCC_MCOConfig), (192 bytes).
    Removing stm32f4xx_hal_rcc.o(i.HAL_RCC_NMI_IRQHandler), (32 bytes).
    Removing stm32f4xx_hal_rcc.o(i.HAL_RCC_OscConfig), (1032 bytes).
    Removing stm32f4xx_hal_rcc_ex.o(.rev16_text), (4 bytes).
    Removing stm32f4xx_hal_rcc_ex.o(.revsh_text), (4 bytes).
    Removing stm32f4xx_hal_rcc_ex.o(.rrx_text), (6 bytes).
    Removing stm32f4xx_hal_rcc_ex.o(i.HAL_RCCEx_GetPeriphCLKConfig), (80 bytes).
    Removing stm32f4xx_hal_rcc_ex.o(i.HAL_RCCEx_PeriphCLKConfig), (428 bytes).
    Removing stm32f4xx_hal_rcc_ex.o(i.HAL_RCC_DeInit), (112 bytes).
    Removing system_stm32f4xx.o(.rev16_text), (4 bytes).
    Removing system_stm32f4xx.o(.revsh_text), (4 bytes).
    Removing system_stm32f4xx.o(.rrx_text), (6 bytes).
    Removing system_stm32f4xx.o(i.SystemCoreClockUpdate), (192 bytes).
    Removing system_stm32f4xx.o(.constdata), (16 bytes).
    Removing liquidcrystal.o(.ARM.exidx), (8 bytes).
    Removing liquidcrystal.o(.constdata__ZTI13LiquidCrystal), (8 bytes).
    Removing liquidcrystal.o(.constdata__ZTS13LiquidCrystal), (16 bytes).

157 unused section(s) (total 7702 bytes) removed from the image.

==============================================================================

Image Symbol Table

    Local Symbols

    Symbol Name                              Value     Ov Type        Size  Object(Section)

    ../../../edgfe/lib_src/arm_exceptions.c  0x00000000   Number         0  arm_exceptions_callterm.o ABSOLUTE
    ../../../edgfe/lib_src/arm_exceptions.c  0x00000000   Number         0  arm_exceptions_globs.o ABSOLUTE
    ../../../edgfe/lib_src/arm_exceptions.c  0x00000000   Number         0  arm_exceptions_terminate.o ABSOLUTE
    ../../../edgfe/lib_src/arm_exceptions.c  0x00000000   Number         0  arm_exceptions_mem.o ABSOLUTE
    ../../../edgfe/lib_src/arm_exceptions.c  0x00000000   Number         0  arm_exceptions_support.o ABSOLUTE
    ../../../edgfe/lib_src/arm_noexceptions.c 0x00000000   Number         0  arm_begincatch_noexceptions.o ABSOLUTE
    ../../../edgfe/lib_src/typeinfo.c        0x00000000   Number         0  type_info_dtor.o ABSOLUTE
    ../../../edgfe/lib_src/typeinfo.c        0x00000000   Number         0  lib_rtti_impl.o ABSOLUTE
    ../clib/angel/boardlib.s                 0x00000000   Number         0  boardinit1.o ABSOLUTE
    ../clib/angel/boardlib.s                 0x00000000   Number         0  boardinit2.o ABSOLUTE
    ../clib/angel/boardlib.s                 0x00000000   Number         0  boardinit3.o ABSOLUTE
    ../clib/angel/boardlib.s                 0x00000000   Number         0  boardshut.o ABSOLUTE
    ../clib/angel/handlers.s                 0x00000000   Number         0  __scatter_zi.o ABSOLUTE
    ../clib/angel/handlers.s                 0x00000000   Number         0  __scatter_copy.o ABSOLUTE
    ../clib/angel/kernel.s                   0x00000000   Number         0  __rtentry.o ABSOLUTE
    ../clib/angel/kernel.s                   0x00000000   Number         0  rtexit.o ABSOLUTE
    ../clib/angel/kernel.s                   0x00000000   Number         0  __rtentry2.o ABSOLUTE
    ../clib/angel/kernel.s                   0x00000000   Number         0  rtexit2.o ABSOLUTE
    ../clib/angel/kernel.s                   0x00000000   Number         0  __rtentry4.o ABSOLUTE
    ../clib/angel/rt.s                       0x00000000   Number         0  rt_eh_globals_addr.o ABSOLUTE
    ../clib/angel/rt.s                       0x00000000   Number         0  rt_heap_descriptor.o ABSOLUTE
    ../clib/angel/rt.s                       0x00000000   Number         0  rt_heap_descriptor_intlibspace.o ABSOLUTE
    ../clib/angel/rt.s                       0x00000000   Number         0  rt_eh_globals_addr_intlibspace.o ABSOLUTE
    ../clib/angel/rt.s                       0x00000000   Number         0  rt_raise.o ABSOLUTE
    ../clib/angel/scatter.s                  0x00000000   Number         0  __scatter.o ABSOLUTE
    ../clib/angel/startup.s                  0x00000000   Number         0  __main.o ABSOLUTE
    ../clib/angel/sys.s                      0x00000000   Number         0  sys_stackheap_outer.o ABSOLUTE
    ../clib/angel/sys.s                      0x00000000   Number         0  mutex_dummy.o ABSOLUTE
    ../clib/angel/sys.s                      0x00000000   Number         0  use_no_semi.o ABSOLUTE
    ../clib/angel/sys.s                      0x00000000   Number         0  indicate_semi.o ABSOLUTE
    ../clib/angel/sys.s                      0x00000000   Number         0  libspace.o ABSOLUTE
    ../clib/angel/sysapp.c                   0x00000000   Number         0  sys_exit.o ABSOLUTE
    ../clib/angel/sysapp.c                   0x00000000   Number         0  sys_wrch.o ABSOLUTE
    ../clib/angel/sysapp.c                   0x00000000   Number         0  sys_command.o ABSOLUTE
    ../clib/armsys.c                         0x00000000   Number         0  no_argv.o ABSOLUTE
    ../clib/armsys.c                         0x00000000   Number         0  argv_veneer.o ABSOLUTE
    ../clib/armsys.c                         0x00000000   Number         0  argv_veneer.o ABSOLUTE
    ../clib/armsys.c                         0x00000000   Number         0  _get_argv_nomalloc.o ABSOLUTE
    ../clib/armsys.c                         0x00000000   Number         0  _get_argv.o ABSOLUTE
    ../clib/heap1.c                          0x00000000   Number         0  h1_final.o ABSOLUTE
    ../clib/heap1.c                          0x00000000   Number         0  h1_init.o ABSOLUTE
    ../clib/heap1.c                          0x00000000   Number         0  h1_free.o ABSOLUTE
    ../clib/heap1.c                          0x00000000   Number         0  h1_init_mt.o ABSOLUTE
    ../clib/heap1.c                          0x00000000   Number         0  h1_free_mt.o ABSOLUTE
    ../clib/heap1.c                          0x00000000   Number         0  h1_final_mt.o ABSOLUTE
    ../clib/heap1.c                          0x00000000   Number         0  h1_extend.o ABSOLUTE
    ../clib/heap1.c                          0x00000000   Number         0  h1_alloc.o ABSOLUTE
    ../clib/heap1.c                          0x00000000   Number         0  h1_alloc_mt.o ABSOLUTE
    ../clib/heap1.c                          0x00000000   Number         0  h1_extend_mt.o ABSOLUTE
    ../clib/heap2.c                          0x00000000   Number         0  fdtree.o ABSOLUTE
    ../clib/heap2.c                          0x00000000   Number         0  heap2.o ABSOLUTE
    ../clib/heap2.c                          0x00000000   Number         0  heap2mt.o ABSOLUTE
    ../clib/heapalloc.c                      0x00000000   Number         0  init_alloc.o ABSOLUTE
    ../clib/heapalloc.c                      0x00000000   Number         0  hrguard.o ABSOLUTE
    ../clib/heapalloc.c                      0x00000000   Number         0  heapstubs.o ABSOLUTE
    ../clib/heapalloc.c                      0x00000000   Number         0  free.o ABSOLUTE
    ../clib/heapalloc.c                      0x00000000   Number         0  hguard.o ABSOLUTE
    ../clib/heapalloc.c                      0x00000000   Number         0  malloc.o ABSOLUTE
    ../clib/heapalloc.c                      0x00000000   Number         0  maybetermalloc1.o ABSOLUTE
    ../clib/heapalloc.c                      0x00000000   Number         0  term_alloc.o ABSOLUTE
    ../clib/heapalloc.c                      0x00000000   Number         0  maybetermalloc2.o ABSOLUTE
    ../clib/heapalloc.c                      0x00000000   Number         0  maybetermalloc2.o ABSOLUTE
    ../clib/heapalloc.c                      0x00000000   Number         0  maybetermalloc1.o ABSOLUTE
    ../clib/heapaux.c                        0x00000000   Number         0  heapauxi.o ABSOLUTE
    ../clib/heapaux.c                        0x00000000   Number         0  heapauxa.o ABSOLUTE
    ../clib/libinit.s                        0x00000000   Number         0  libshutdown.o ABSOLUTE
    ../clib/libinit.s                        0x00000000   Number         0  libinit2.o ABSOLUTE
    ../clib/libinit.s                        0x00000000   Number         0  libinit.o ABSOLUTE
    ../clib/libinit.s                        0x00000000   Number         0  libshutdown2.o ABSOLUTE
    ../clib/memcpset.s                       0x00000000   Number         0  rt_memcpy_w.o ABSOLUTE
    ../clib/memcpset.s                       0x00000000   Number         0  rt_memclr_w.o ABSOLUTE
    ../clib/signal.c                         0x00000000   Number         0  defsig_abrt_formal.o ABSOLUTE
    ../clib/signal.c                         0x00000000   Number         0  defsig_abrt_outer.o ABSOLUTE
    ../clib/signal.c                         0x00000000   Number         0  defsig_pvfn_inner.o ABSOLUTE
    ../clib/signal.c                         0x00000000   Number         0  defsig_exit.o ABSOLUTE
    ../clib/signal.c                         0x00000000   Number         0  defsig_abrt_inner.o ABSOLUTE
    ../clib/signal.c                         0x00000000   Number         0  defsig_rtmem_outer.o ABSOLUTE
    ../clib/signal.c                         0x00000000   Number         0  defsig_rtmem_formal.o ABSOLUTE
    ../clib/signal.c                         0x00000000   Number         0  defsig_cppl_inner.o ABSOLUTE
    ../clib/signal.c                         0x00000000   Number         0  defsig_segv_inner.o ABSOLUTE
    ../clib/signal.c                         0x00000000   Number         0  defsig_other.o ABSOLUTE
    ../clib/signal.c                         0x00000000   Number         0  defsig_fpe_inner.o ABSOLUTE
    ../clib/signal.c                         0x00000000   Number         0  defsig_general.o ABSOLUTE
    ../clib/signal.c                         0x00000000   Number         0  defsig_rtmem_inner.o ABSOLUTE
    ../clib/signal.c                         0x00000000   Number         0  defsig_rtred_inner.o ABSOLUTE
    ../clib/signal.c                         0x00000000   Number         0  defsig_stak_inner.o ABSOLUTE
    ../clib/signal.c                         0x00000000   Number         0  __raise.o ABSOLUTE
    ../clib/signal.s                         0x00000000   Number         0  defsig.o ABSOLUTE
    ../clib/stdlib.c                         0x00000000   Number         0  abort.o ABSOLUTE
    ../clib/stdlib.c                         0x00000000   Number         0  exit.o ABSOLUTE
    ../fplib/fpinit.s                        0x00000000   Number         0  fpinit.o ABSOLUTE
    C:\Users\sina-work\AppData\Local\Arm\Packs\Keil\STM32F4xx_DFP\2.7.0\Drivers\STM32F4xx_HAL_Driver\Src\stm32f4xx_hal.c 0x00000000   Number         0  stm32f4xx_hal.o ABSOLUTE
    C:\Users\sina-work\AppData\Local\Arm\Packs\Keil\STM32F4xx_DFP\2.7.0\Drivers\STM32F4xx_HAL_Driver\Src\stm32f4xx_hal_cortex.c 0x00000000   Number         0  stm32f4xx_hal_cortex.o ABSOLUTE
    C:\Users\sina-work\AppData\Local\Arm\Packs\Keil\STM32F4xx_DFP\2.7.0\Drivers\STM32F4xx_HAL_Driver\Src\stm32f4xx_hal_flash.c 0x00000000   Number         0  stm32f4xx_hal_flash.o ABSOLUTE
    C:\Users\sina-work\AppData\Local\Arm\Packs\Keil\STM32F4xx_DFP\2.7.0\Drivers\STM32F4xx_HAL_Driver\Src\stm32f4xx_hal_flash_ex.c 0x00000000   Number         0  stm32f4xx_hal_flash_ex.o ABSOLUTE
    C:\Users\sina-work\AppData\Local\Arm\Packs\Keil\STM32F4xx_DFP\2.7.0\Drivers\STM32F4xx_HAL_Driver\Src\stm32f4xx_hal_gpio.c 0x00000000   Number         0  stm32f4xx_hal_gpio.o ABSOLUTE
    C:\Users\sina-work\AppData\Local\Arm\Packs\Keil\STM32F4xx_DFP\2.7.0\Drivers\STM32F4xx_HAL_Driver\Src\stm32f4xx_hal_rcc.c 0x00000000   Number         0  stm32f4xx_hal_rcc.o ABSOLUTE
    C:\Users\sina-work\AppData\Local\Arm\Packs\Keil\STM32F4xx_DFP\2.7.0\Drivers\STM32F4xx_HAL_Driver\Src\stm32f4xx_hal_rcc_ex.c 0x00000000   Number         0  stm32f4xx_hal_rcc_ex.o ABSOLUTE
    C:\\Users\\sina-work\\AppData\\Local\\Arm\\Packs\\Keil\\STM32F4xx_DFP\\2.7.0\\Drivers\\STM32F4xx_HAL_Driver\\Src\\stm32f4xx_hal.c 0x00000000   Number         0  stm32f4xx_hal.o ABSOLUTE
    C:\\Users\\sina-work\\AppData\\Local\\Arm\\Packs\\Keil\\STM32F4xx_DFP\\2.7.0\\Drivers\\STM32F4xx_HAL_Driver\\Src\\stm32f4xx_hal_cortex.c 0x00000000   Number         0  stm32f4xx_hal_cortex.o ABSOLUTE
    C:\\Users\\sina-work\\AppData\\Local\\Arm\\Packs\\Keil\\STM32F4xx_DFP\\2.7.0\\Drivers\\STM32F4xx_HAL_Driver\\Src\\stm32f4xx_hal_flash.c 0x00000000   Number         0  stm32f4xx_hal_flash.o ABSOLUTE
    C:\\Users\\sina-work\\AppData\\Local\\Arm\\Packs\\Keil\\STM32F4xx_DFP\\2.7.0\\Drivers\\STM32F4xx_HAL_Driver\\Src\\stm32f4xx_hal_flash_ex.c 0x00000000   Number         0  stm32f4xx_hal_flash_ex.o ABSOLUTE
    C:\\Users\\sina-work\\AppData\\Local\\Arm\\Packs\\Keil\\STM32F4xx_DFP\\2.7.0\\Drivers\\STM32F4xx_HAL_Driver\\Src\\stm32f4xx_hal_gpio.c 0x00000000   Number         0  stm32f4xx_hal_gpio.o ABSOLUTE
    C:\\Users\\sina-work\\AppData\\Local\\Arm\\Packs\\Keil\\STM32F4xx_DFP\\2.7.0\\Drivers\\STM32F4xx_HAL_Driver\\Src\\stm32f4xx_hal_rcc.c 0x00000000   Number         0  stm32f4xx_hal_rcc.o ABSOLUTE
    C:\\Users\\sina-work\\AppData\\Local\\Arm\\Packs\\Keil\\STM32F4xx_DFP\\2.7.0\\Drivers\\STM32F4xx_HAL_Driver\\Src\\stm32f4xx_hal_rcc_ex.c 0x00000000   Number         0  stm32f4xx_hal_rcc_ex.o ABSOLUTE
    LiquidCrystal.cpp                        0x00000000   Number         0  liquidcrystal.o ABSOLUTE
    LiquidCrystal.cpp                        0x00000000   Number         0  liquidcrystal.o ABSOLUTE
    RTE\Device\STM32F407VETx\startup_stm32f407xx.s 0x00000000   Number         0  startup_stm32f407xx.o ABSOLUTE
    RTE\Device\STM32F407VETx\system_stm32f4xx.c 0x00000000   Number         0  system_stm32f4xx.o ABSOLUTE
    RTE\\Device\\STM32F407VETx\\system_stm32f4xx.c 0x00000000   Number         0  system_stm32f4xx.o ABSOLUTE
    dc.s                                     0x00000000   Number         0  dc.o ABSOLUTE
    main.cpp                                 0x00000000   Number         0  main.o ABSOLUTE
    main.cpp                                 0x00000000   Number         0  main.o ABSOLUTE
    RESET                                    0x08000000   Section      392  startup_stm32f407xx.o(RESET)
    !!!main                                  0x08000188   Section        8  __main.o(!!!main)
    !!!scatter                               0x08000190   Section       52  __scatter.o(!!!scatter)
    !!handler_copy                           0x080001c4   Section       26  __scatter_copy.o(!!handler_copy)
    !!handler_zi                             0x080001e0   Section       28  __scatter_zi.o(!!handler_zi)
    .ARM.Collect$$libinit$$00000000          0x080001fc   Section        2  libinit.o(.ARM.Collect$$libinit$$00000000)
    .ARM.Collect$$libinit$$00000001          0x080001fe   Section        4  libinit2.o(.ARM.Collect$$libinit$$00000001)
    .ARM.Collect$$libinit$$00000004          0x08000202   Section        0  libinit2.o(.ARM.Collect$$libinit$$00000004)
    .ARM.Collect$$libinit$$0000000A          0x08000202   Section        0  libinit2.o(.ARM.Collect$$libinit$$0000000A)
    .ARM.Collect$$libinit$$0000000C          0x08000202   Section        0  libinit2.o(.ARM.Collect$$libinit$$0000000C)
    .ARM.Collect$$libinit$$0000000E          0x08000202   Section        0  libinit2.o(.ARM.Collect$$libinit$$0000000E)
    .ARM.Collect$$libinit$$00000011          0x08000202   Section        0  libinit2.o(.ARM.Collect$$libinit$$00000011)
    .ARM.Collect$$libinit$$00000013          0x08000202   Section        0  libinit2.o(.ARM.Collect$$libinit$$00000013)
    .ARM.Collect$$libinit$$00000015          0x08000202   Section        0  libinit2.o(.ARM.Collect$$libinit$$00000015)
    .ARM.Collect$$libinit$$00000017          0x08000202   Section        0  libinit2.o(.ARM.Collect$$libinit$$00000017)
    .ARM.Collect$$libinit$$00000019          0x08000202   Section        0  libinit2.o(.ARM.Collect$$libinit$$00000019)
    .ARM.Collect$$libinit$$0000001B          0x08000202   Section        0  libinit2.o(.ARM.Collect$$libinit$$0000001B)
    .ARM.Collect$$libinit$$0000001D          0x08000202   Section        0  libinit2.o(.ARM.Collect$$libinit$$0000001D)
    .ARM.Collect$$libinit$$0000001F          0x08000202   Section        0  libinit2.o(.ARM.Collect$$libinit$$0000001F)
    .ARM.Collect$$libinit$$00000021          0x08000202   Section        0  libinit2.o(.ARM.Collect$$libinit$$00000021)
    .ARM.Collect$$libinit$$00000023          0x08000202   Section        0  libinit2.o(.ARM.Collect$$libinit$$00000023)
    .ARM.Collect$$libinit$$00000025          0x08000202   Section        0  libinit2.o(.ARM.Collect$$libinit$$00000025)
    .ARM.Collect$$libinit$$0000002C          0x08000202   Section        0  libinit2.o(.ARM.Collect$$libinit$$0000002C)
    .ARM.Collect$$libinit$$0000002E          0x08000202   Section        0  libinit2.o(.ARM.Collect$$libinit$$0000002E)
    .ARM.Collect$$libinit$$00000030          0x08000202   Section        0  libinit2.o(.ARM.Collect$$libinit$$00000030)
    .ARM.Collect$$libinit$$00000032          0x08000202   Section        0  libinit2.o(.ARM.Collect$$libinit$$00000032)
    .ARM.Collect$$libinit$$00000033          0x08000202   Section        2  libinit2.o(.ARM.Collect$$libinit$$00000033)
    .ARM.Collect$$libshutdown$$00000000      0x08000204   Section        2  libshutdown.o(.ARM.Collect$$libshutdown$$00000000)
    .ARM.Collect$$libshutdown$$00000002      0x08000206   Section        0  libshutdown2.o(.ARM.Collect$$libshutdown$$00000002)
    .ARM.Collect$$libshutdown$$00000004      0x08000206   Section        0  libshutdown2.o(.ARM.Collect$$libshutdown$$00000004)
    .ARM.Collect$$libshutdown$$00000007      0x08000206   Section        0  libshutdown2.o(.ARM.Collect$$libshutdown$$00000007)
    .ARM.Collect$$libshutdown$$0000000A      0x08000206   Section        0  libshutdown2.o(.ARM.Collect$$libshutdown$$0000000A)
    .ARM.Collect$$libshutdown$$0000000C      0x08000206   Section        0  libshutdown2.o(.ARM.Collect$$libshutdown$$0000000C)
    .ARM.Collect$$libshutdown$$0000000F      0x08000206   Section        0  libshutdown2.o(.ARM.Collect$$libshutdown$$0000000F)
    .ARM.Collect$$libshutdown$$00000010      0x08000206   Section        2  libshutdown2.o(.ARM.Collect$$libshutdown$$00000010)
    .ARM.Collect$$rtentry$$00000000          0x08000208   Section        0  __rtentry.o(.ARM.Collect$$rtentry$$00000000)
    .ARM.Collect$$rtentry$$00000002          0x08000208   Section        0  __rtentry2.o(.ARM.Collect$$rtentry$$00000002)
    .ARM.Collect$$rtentry$$00000004          0x08000208   Section        6  __rtentry4.o(.ARM.Collect$$rtentry$$00000004)
    .ARM.Collect$$rtentry$$00000009          0x0800020e   Section        0  __rtentry2.o(.ARM.Collect$$rtentry$$00000009)
    .ARM.Collect$$rtentry$$0000000A          0x0800020e   Section        4  __rtentry2.o(.ARM.Collect$$rtentry$$0000000A)
    .ARM.Collect$$rtentry$$0000000C          0x08000212   Section        0  __rtentry2.o(.ARM.Collect$$rtentry$$0000000C)
    .ARM.Collect$$rtentry$$0000000D          0x08000212   Section        8  __rtentry2.o(.ARM.Collect$$rtentry$$0000000D)
    .ARM.Collect$$rtexit$$00000000           0x0800021a   Section        2  rtexit.o(.ARM.Collect$$rtexit$$00000000)
    .ARM.Collect$$rtexit$$00000002           0x0800021c   Section        0  rtexit2.o(.ARM.Collect$$rtexit$$00000002)
    .ARM.Collect$$rtexit$$00000003           0x0800021c   Section        4  rtexit2.o(.ARM.Collect$$rtexit$$00000003)
    .ARM.Collect$$rtexit$$00000004           0x08000220   Section        6  rtexit2.o(.ARM.Collect$$rtexit$$00000004)
    .text                                    0x08000228   Section       64  startup_stm32f407xx.o(.text)
    $v0                                      0x08000228   Number         0  startup_stm32f407xx.o(.text)
    .text                                    0x08000268   Section       78  rt_memclr_w.o(.text)
    .text                                    0x080002b6   Section        0  heapauxi.o(.text)
    .text                                    0x080002bc   Section       74  sys_stackheap_outer.o(.text)
    .text                                    0x08000306   Section        0  exit.o(.text)
    .text                                    0x08000318   Section        0  sys_exit.o(.text)
    .text                                    0x08000324   Section        8  libspace.o(.text)
    .text                                    0x0800032c   Section        2  use_no_semi.o(.text)
    .text                                    0x0800032e   Section        0  indicate_semi.o(.text)
    i.HAL_Delay                              0x0800032e   Section        0  stm32f4xx_hal.o(i.HAL_Delay)
    i.HAL_GPIO_Init                          0x08000348   Section        0  stm32f4xx_hal_gpio.o(i.HAL_GPIO_Init)
    i.HAL_GPIO_WritePin                      0x08000554   Section        0  stm32f4xx_hal_gpio.o(i.HAL_GPIO_WritePin)
    i.HAL_GetTick                            0x08000560   Section        0  stm32f4xx_hal.o(i.HAL_GetTick)
    i.HAL_IncTick                            0x0800056c   Section        0  stm32f4xx_hal.o(i.HAL_IncTick)
    i.HAL_Init                               0x0800057c   Section        0  stm32f4xx_hal.o(i.HAL_Init)
    i.HAL_InitTick                           0x080005b8   Section        0  stm32f4xx_hal.o(i.HAL_InitTick)
    i.HAL_MspInit                            0x080005dc   Section        0  stm32f4xx_hal.o(i.HAL_MspInit)
    i.HAL_NVIC_SetPriority                   0x080005e6   Section        0  stm32f4xx_hal_cortex.o(i.HAL_NVIC_SetPriority)
    i.HAL_NVIC_SetPriorityGrouping           0x08000664   Section        0  stm32f4xx_hal_cortex.o(i.HAL_NVIC_SetPriorityGrouping)
    i.HAL_RCC_GetHCLKFreq                    0x0800068c   Section        0  stm32f4xx_hal_rcc.o(i.HAL_RCC_GetHCLKFreq)
    i.HAL_RCC_GetSysClockFreq                0x080006c4   Section        0  stm32f4xx_hal_rcc.o(i.HAL_RCC_GetSysClockFreq)
    i.HAL_SYSTICK_Config                     0x08000778   Section        0  stm32f4xx_hal_cortex.o(i.HAL_SYSTICK_Config)
    i.SysTick_Handler                        0x080007ac   Section        0  main.o(i.SysTick_Handler)
    i.SystemInit                             0x080007b4   Section        0  system_stm32f4xx.o(i.SystemInit)
    i._ZN13LiquidCrystal10write4bitsEh       0x08000818   Section        0  liquidcrystal.o(i._ZN13LiquidCrystal10write4bitsEh)
    i._ZN13LiquidCrystal11leftToRightEv      0x080008a0   Section        0  liquidcrystal.o(i._ZN13LiquidCrystal11leftToRightEv)
    i._ZN13LiquidCrystal11pulseEnableEv      0x080008bc   Section        0  liquidcrystal.o(i._ZN13LiquidCrystal11pulseEnableEv)
    i._ZN13LiquidCrystal11rightToLeftEv      0x080008e8   Section        0  liquidcrystal.o(i._ZN13LiquidCrystal11rightToLeftEv)
    i._ZN13LiquidCrystal13setRowOffsetsEiiii 0x08000902   Section        0  liquidcrystal.o(i._ZN13LiquidCrystal13setRowOffsetsEiiii)
    i._ZN13LiquidCrystal4homeEv              0x08000910   Section        0  liquidcrystal.o(i._ZN13LiquidCrystal4homeEv)
    i._ZN13LiquidCrystal4initEv              0x08000926   Section        0  liquidcrystal.o(i._ZN13LiquidCrystal4initEv)
    i._ZN13LiquidCrystal4sendEh13GPIO_PinState 0x0800093c   Section        0  liquidcrystal.o(i._ZN13LiquidCrystal4sendEh13GPIO_PinState)
    i._ZN13LiquidCrystal5beginEhhh           0x08000968   Section        0  liquidcrystal.o(i._ZN13LiquidCrystal5beginEhhh)
    i._ZN13LiquidCrystal5clearEv             0x08000af0   Section        0  liquidcrystal.o(i._ZN13LiquidCrystal5clearEv)
    i._ZN13LiquidCrystal5writeEh             0x08000b06   Section        0  liquidcrystal.o(i._ZN13LiquidCrystal5writeEh)
    i._ZN13LiquidCrystal6cursorEv            0x08000b1a   Section        0  liquidcrystal.o(i._ZN13LiquidCrystal6cursorEv)
    i._ZN13LiquidCrystal7commandEh           0x08000b34   Section        0  liquidcrystal.o(i._ZN13LiquidCrystal7commandEh)
    i._ZN13LiquidCrystal7displayEv           0x08000b46   Section        0  liquidcrystal.o(i._ZN13LiquidCrystal7displayEv)
    i._ZN13LiquidCrystalC1Ev                 0x08000b60   Section        0  liquidcrystal.o(i._ZN13LiquidCrystalC1Ev)
    i.__NVIC_GetPriorityGrouping             0x08000b78   Section        0  stm32f4xx_hal_cortex.o(i.__NVIC_GetPriorityGrouping)
    __NVIC_GetPriorityGrouping               0x08000b79   Thumb Code    10  stm32f4xx_hal_cortex.o(i.__NVIC_GetPriorityGrouping)
    i.__NVIC_SetPriority                     0x08000b88   Section        0  stm32f4xx_hal_cortex.o(i.__NVIC_SetPriority)
    __NVIC_SetPriority                       0x08000b89   Thumb Code    32  stm32f4xx_hal_cortex.o(i.__NVIC_SetPriority)
    i.main                                   0x08000bb0   Section        0  main.o(i.main)
    x$fpl$fpinit                             0x08000c28   Section       10  fpinit.o(x$fpl$fpinit)
    $v0                                      0x08000c28   Number         0  fpinit.o(x$fpl$fpinit)
    .constdata                               0x08000c32   Section       16  stm32f4xx_hal_rcc.o(.constdata)
    .constdata__ZTV13LiquidCrystal           0x08000c44   Section       12  liquidcrystal.o(.constdata__ZTV13LiquidCrystal)
    .data                                    0x20000000   Section        4  stm32f4xx_hal.o(.data)
    uwTick                                   0x20000000   Data           4  stm32f4xx_hal.o(.data)
    .data                                    0x20000004   Section        4  system_stm32f4xx.o(.data)
    .bss                                     0x20000008   Section       96  libspace.o(.bss)
    HEAP                                     0x20000068   Section      512  startup_stm32f407xx.o(HEAP)
    Heap_Mem                                 0x20000068   Data         512  startup_stm32f407xx.o(HEAP)
    STACK                                    0x20000268   Section     1024  startup_stm32f407xx.o(STACK)
    Stack_Mem                                0x20000268   Data        1024  startup_stm32f407xx.o(STACK)
    __initial_sp                             0x20000668   Data           0  startup_stm32f407xx.o(STACK)

    Global Symbols

    Symbol Name                              Value     Ov Type        Size  Object(Section)

    BuildAttributes$$THM_ISAv4$E$P$D$K$B$S$7EM$VFPi3$EXTD16$VFPS$VFMA$PE$A:L22UL41UL21$X:L11$S22US41US21$IEEE1$IW$USESV6$~STKCKD$USESV7$~SHL$OTIME$ROPI$EBA8$UX$STANDARDLIB$REQ8$PRES8$EABIv2 0x00000000   Number         0  anon$$obj.o ABSOLUTE
    __ARM_use_no_argv                        0x00000000   Number         0  main.o ABSOLUTE
    __ARM::default_unexpected_handler()       - Undefined Weak Reference
    __ARM_exceptions_buffer_required          - Undefined Weak Reference
    __ARM_exceptions_init                     - Undefined Weak Reference
    __alloca_initialize                       - Undefined Weak Reference
    __arm_preinit_                            - Undefined Weak Reference
    __cpp_initialize__aeabi_                  - Undefined Weak Reference
    __cxa_finalize                            - Undefined Weak Reference
    __rt_locale                               - Undefined Weak Reference
    __sigvec_lookup                           - Undefined Weak Reference
    __user_heap_extent                        - Undefined Weak Reference
    _atexit_init                              - Undefined Weak Reference
    _call_atexit_fns                          - Undefined Weak Reference
    _clock_init                               - Undefined Weak Reference
    _fp_trap_init                             - Undefined Weak Reference
    _fp_trap_shutdown                         - Undefined Weak Reference
    _get_lc_collate                           - Undefined Weak Reference
    _get_lc_ctype                             - Undefined Weak Reference
    _get_lc_monetary                          - Undefined Weak Reference
    _get_lc_numeric                           - Undefined Weak Reference
    _get_lc_time                              - Undefined Weak Reference
    _getenv_init                              - Undefined Weak Reference
    _handle_redirection                       - Undefined Weak Reference
    _initio                                   - Undefined Weak Reference
    _mutex_acquire                            - Undefined Weak Reference
    _mutex_free                               - Undefined Weak Reference
    _mutex_release                            - Undefined Weak Reference
    _rand_init                                - Undefined Weak Reference
    _signal_finish                            - Undefined Weak Reference
    _signal_init                              - Undefined Weak Reference
    _terminateio                              - Undefined Weak Reference
    __Vectors_Size                           0x00000188   Number         0  startup_stm32f407xx.o ABSOLUTE
    __Vectors                                0x08000000   Data           4  startup_stm32f407xx.o(RESET)
    __Vectors_End                            0x08000188   Data           0  startup_stm32f407xx.o(RESET)
    __main                                   0x08000189   Thumb Code     8  __main.o(!!!main)
    __scatterload                            0x08000191   Thumb Code     0  __scatter.o(!!!scatter)
    __scatterload_rt2                        0x08000191   Thumb Code    44  __scatter.o(!!!scatter)
    __scatterload_rt2_thumb_only             0x08000191   Thumb Code     0  __scatter.o(!!!scatter)
    __scatterload_null                       0x0800019f   Thumb Code     0  __scatter.o(!!!scatter)
    __scatterload_copy                       0x080001c5   Thumb Code    26  __scatter_copy.o(!!handler_copy)
    __scatterload_zeroinit                   0x080001e1   Thumb Code    28  __scatter_zi.o(!!handler_zi)
    __rt_lib_init                            0x080001fd   Thumb Code     0  libinit.o(.ARM.Collect$$libinit$$00000000)
    __rt_lib_init_fp_1                       0x080001ff   Thumb Code     0  libinit2.o(.ARM.Collect$$libinit$$00000001)
    __rt_lib_init_alloca_1                   0x08000203   Thumb Code     0  libinit2.o(.ARM.Collect$$libinit$$0000002E)
    __rt_lib_init_argv_1                     0x08000203   Thumb Code     0  libinit2.o(.ARM.Collect$$libinit$$0000002C)
    __rt_lib_init_atexit_1                   0x08000203   Thumb Code     0  libinit2.o(.ARM.Collect$$libinit$$0000001B)
    __rt_lib_init_clock_1                    0x08000203   Thumb Code     0  libinit2.o(.ARM.Collect$$libinit$$00000021)
    __rt_lib_init_cpp_1                      0x08000203   Thumb Code     0  libinit2.o(.ARM.Collect$$libinit$$00000032)
    __rt_lib_init_exceptions_1               0x08000203   Thumb Code     0  libinit2.o(.ARM.Collect$$libinit$$00000030)
    __rt_lib_init_fp_trap_1                  0x08000203   Thumb Code     0  libinit2.o(.ARM.Collect$$libinit$$0000001F)
    __rt_lib_init_getenv_1                   0x08000203   Thumb Code     0  libinit2.o(.ARM.Collect$$libinit$$00000023)
    __rt_lib_init_heap_1                     0x08000203   Thumb Code     0  libinit2.o(.ARM.Collect$$libinit$$0000000A)
    __rt_lib_init_lc_collate_1               0x08000203   Thumb Code     0  libinit2.o(.ARM.Collect$$libinit$$00000011)
    __rt_lib_init_lc_ctype_1                 0x08000203   Thumb Code     0  libinit2.o(.ARM.Collect$$libinit$$00000013)
    __rt_lib_init_lc_monetary_1              0x08000203   Thumb Code     0  libinit2.o(.ARM.Collect$$libinit$$00000015)
    __rt_lib_init_lc_numeric_1               0x08000203   Thumb Code     0  libinit2.o(.ARM.Collect$$libinit$$00000017)
    __rt_lib_init_lc_time_1                  0x08000203   Thumb Code     0  libinit2.o(.ARM.Collect$$libinit$$00000019)
    __rt_lib_init_preinit_1                  0x08000203   Thumb Code     0  libinit2.o(.ARM.Collect$$libinit$$00000004)
    __rt_lib_init_rand_1                     0x08000203   Thumb Code     0  libinit2.o(.ARM.Collect$$libinit$$0000000E)
    __rt_lib_init_return                     0x08000203   Thumb Code     0  libinit2.o(.ARM.Collect$$libinit$$00000033)
    __rt_lib_init_signal_1                   0x08000203   Thumb Code     0  libinit2.o(.ARM.Collect$$libinit$$0000001D)
    __rt_lib_init_stdio_1                    0x08000203   Thumb Code     0  libinit2.o(.ARM.Collect$$libinit$$00000025)
    __rt_lib_init_user_alloc_1               0x08000203   Thumb Code     0  libinit2.o(.ARM.Collect$$libinit$$0000000C)
    __rt_lib_shutdown                        0x08000205   Thumb Code     0  libshutdown.o(.ARM.Collect$$libshutdown$$00000000)
    __rt_lib_shutdown_cpp_1                  0x08000207   Thumb Code     0  libshutdown2.o(.ARM.Collect$$libshutdown$$00000002)
    __rt_lib_shutdown_fp_trap_1              0x08000207   Thumb Code     0  libshutdown2.o(.ARM.Collect$$libshutdown$$00000007)
    __rt_lib_shutdown_heap_1                 0x08000207   Thumb Code     0  libshutdown2.o(.ARM.Collect$$libshutdown$$0000000F)
    __rt_lib_shutdown_return                 0x08000207   Thumb Code     0  libshutdown2.o(.ARM.Collect$$libshutdown$$00000010)
    __rt_lib_shutdown_signal_1               0x08000207   Thumb Code     0  libshutdown2.o(.ARM.Collect$$libshutdown$$0000000A)
    __rt_lib_shutdown_stdio_1                0x08000207   Thumb Code     0  libshutdown2.o(.ARM.Collect$$libshutdown$$00000004)
    __rt_lib_shutdown_user_alloc_1           0x08000207   Thumb Code     0  libshutdown2.o(.ARM.Collect$$libshutdown$$0000000C)
    __rt_entry                               0x08000209   Thumb Code     0  __rtentry.o(.ARM.Collect$$rtentry$$00000000)
    __rt_entry_presh_1                       0x08000209   Thumb Code     0  __rtentry2.o(.ARM.Collect$$rtentry$$00000002)
    __rt_entry_sh                            0x08000209   Thumb Code     0  __rtentry4.o(.ARM.Collect$$rtentry$$00000004)
    __rt_entry_li                            0x0800020f   Thumb Code     0  __rtentry2.o(.ARM.Collect$$rtentry$$0000000A)
    __rt_entry_postsh_1                      0x0800020f   Thumb Code     0  __rtentry2.o(.ARM.Collect$$rtentry$$00000009)
    __rt_entry_main                          0x08000213   Thumb Code     0  __rtentry2.o(.ARM.Collect$$rtentry$$0000000D)
    __rt_entry_postli_1                      0x08000213   Thumb Code     0  __rtentry2.o(.ARM.Collect$$rtentry$$0000000C)
    __rt_exit                                0x0800021b   Thumb Code     0  rtexit.o(.ARM.Collect$$rtexit$$00000000)
    __rt_exit_ls                             0x0800021d   Thumb Code     0  rtexit2.o(.ARM.Collect$$rtexit$$00000003)
    __rt_exit_prels_1                        0x0800021d   Thumb Code     0  rtexit2.o(.ARM.Collect$$rtexit$$00000002)
    __rt_exit_exit                           0x08000221   Thumb Code     0  rtexit2.o(.ARM.Collect$$rtexit$$00000004)
    Reset_Handler                            0x08000229   Thumb Code     8  startup_stm32f407xx.o(.text)
    NMI_Handler                              0x08000231   Thumb Code     2  startup_stm32f407xx.o(.text)
    HardFault_Handler                        0x08000233   Thumb Code     2  startup_stm32f407xx.o(.text)
    MemManage_Handler                        0x08000235   Thumb Code     2  startup_stm32f407xx.o(.text)
    BusFault_Handler                         0x08000237   Thumb Code     2  startup_stm32f407xx.o(.text)
    UsageFault_Handler                       0x08000239   Thumb Code     2  startup_stm32f407xx.o(.text)
    SVC_Handler                              0x0800023b   Thumb Code     2  startup_stm32f407xx.o(.text)
    DebugMon_Handler                         0x0800023d   Thumb Code     2  startup_stm32f407xx.o(.text)
    PendSV_Handler                           0x0800023f   Thumb Code     2  startup_stm32f407xx.o(.text)
    ADC_IRQHandler                           0x08000243   Thumb Code     0  startup_stm32f407xx.o(.text)
    CAN1_RX0_IRQHandler                      0x08000243   Thumb Code     0  startup_stm32f407xx.o(.text)
    CAN1_RX1_IRQHandler                      0x08000243   Thumb Code     0  startup_stm32f407xx.o(.text)
    CAN1_SCE_IRQHandler                      0x08000243   Thumb Code     0  startup_stm32f407xx.o(.text)
    CAN1_TX_IRQHandler                       0x08000243   Thumb Code     0  startup_stm32f407xx.o(.text)
    CAN2_RX0_IRQHandler                      0x08000243   Thumb Code     0  startup_stm32f407xx.o(.text)
    CAN2_RX1_IRQHandler                      0x08000243   Thumb Code     0  startup_stm32f407xx.o(.text)
    CAN2_SCE_IRQHandler                      0x08000243   Thumb Code     0  startup_stm32f407xx.o(.text)
    CAN2_TX_IRQHandler                       0x08000243   Thumb Code     0  startup_stm32f407xx.o(.text)
    DCMI_IRQHandler                          0x08000243   Thumb Code     0  startup_stm32f407xx.o(.text)
    DMA1_Stream0_IRQHandler                  0x08000243   Thumb Code     0  startup_stm32f407xx.o(.text)
    DMA1_Stream1_IRQHandler                  0x08000243   Thumb Code     0  startup_stm32f407xx.o(.text)
    DMA1_Stream2_IRQHandler                  0x08000243   Thumb Code     0  startup_stm32f407xx.o(.text)
    DMA1_Stream3_IRQHandler                  0x08000243   Thumb Code     0  startup_stm32f407xx.o(.text)
    DMA1_Stream4_IRQHandler                  0x08000243   Thumb Code     0  startup_stm32f407xx.o(.text)
    DMA1_Stream5_IRQHandler                  0x08000243   Thumb Code     0  startup_stm32f407xx.o(.text)
    DMA1_Stream6_IRQHandler                  0x08000243   Thumb Code     0  startup_stm32f407xx.o(.text)
    DMA1_Stream7_IRQHandler                  0x08000243   Thumb Code     0  startup_stm32f407xx.o(.text)
    DMA2_Stream0_IRQHandler                  0x08000243   Thumb Code     0  startup_stm32f407xx.o(.text)
    DMA2_Stream1_IRQHandler                  0x08000243   Thumb Code     0  startup_stm32f407xx.o(.text)
    DMA2_Stream2_IRQHandler                  0x08000243   Thumb Code     0  startup_stm32f407xx.o(.text)
    DMA2_Stream3_IRQHandler                  0x08000243   Thumb Code     0  startup_stm32f407xx.o(.text)
    DMA2_Stream4_IRQHandler                  0x08000243   Thumb Code     0  startup_stm32f407xx.o(.text)
    DMA2_Stream5_IRQHandler                  0x08000243   Thumb Code     0  startup_stm32f407xx.o(.text)
    DMA2_Stream6_IRQHandler                  0x08000243   Thumb Code     0  startup_stm32f407xx.o(.text)
    DMA2_Stream7_IRQHandler                  0x08000243   Thumb Code     0  startup_stm32f407xx.o(.text)
    ETH_IRQHandler                           0x08000243   Thumb Code     0  startup_stm32f407xx.o(.text)
    ETH_WKUP_IRQHandler                      0x08000243   Thumb Code     0  startup_stm32f407xx.o(.text)
    EXTI0_IRQHandler                         0x08000243   Thumb Code     0  startup_stm32f407xx.o(.text)
    EXTI15_10_IRQHandler                     0x08000243   Thumb Code     0  startup_stm32f407xx.o(.text)
    EXTI1_IRQHandler                         0x08000243   Thumb Code     0  startup_stm32f407xx.o(.text)
    EXTI2_IRQHandler                         0x08000243   Thumb Code     0  startup_stm32f407xx.o(.text)
    EXTI3_IRQHandler                         0x08000243   Thumb Code     0  startup_stm32f407xx.o(.text)
    EXTI4_IRQHandler                         0x08000243   Thumb Code     0  startup_stm32f407xx.o(.text)
    EXTI9_5_IRQHandler                       0x08000243   Thumb Code     0  startup_stm32f407xx.o(.text)
    FLASH_IRQHandler                         0x08000243   Thumb Code     0  startup_stm32f407xx.o(.text)
    FMC_IRQHandler                           0x08000243   Thumb Code     0  startup_stm32f407xx.o(.text)
    FPU_IRQHandler                           0x08000243   Thumb Code     0  startup_stm32f407xx.o(.text)
    HASH_RNG_IRQHandler                      0x08000243   Thumb Code     0  startup_stm32f407xx.o(.text)
    I2C1_ER_IRQHandler                       0x08000243   Thumb Code     0  startup_stm32f407xx.o(.text)
    I2C1_EV_IRQHandler                       0x08000243   Thumb Code     0  startup_stm32f407xx.o(.text)
    I2C2_ER_IRQHandler                       0x08000243   Thumb Code     0  startup_stm32f407xx.o(.text)
    I2C2_EV_IRQHandler                       0x08000243   Thumb Code     0  startup_stm32f407xx.o(.text)
    I2C3_ER_IRQHandler                       0x08000243   Thumb Code     0  startup_stm32f407xx.o(.text)
    I2C3_EV_IRQHandler                       0x08000243   Thumb Code     0  startup_stm32f407xx.o(.text)
    OTG_FS_IRQHandler                        0x08000243   Thumb Code     0  startup_stm32f407xx.o(.text)
    OTG_FS_WKUP_IRQHandler                   0x08000243   Thumb Code     0  startup_stm32f407xx.o(.text)
    OTG_HS_EP1_IN_IRQHandler                 0x08000243   Thumb Code     0  startup_stm32f407xx.o(.text)
    OTG_HS_EP1_OUT_IRQHandler                0x08000243   Thumb Code     0  startup_stm32f407xx.o(.text)
    OTG_HS_IRQHandler                        0x08000243   Thumb Code     0  startup_stm32f407xx.o(.text)
    OTG_HS_WKUP_IRQHandler                   0x08000243   Thumb Code     0  startup_stm32f407xx.o(.text)
    PVD_IRQHandler                           0x08000243   Thumb Code     0  startup_stm32f407xx.o(.text)
    RCC_IRQHandler                           0x08000243   Thumb Code     0  startup_stm32f407xx.o(.text)
    RTC_Alarm_IRQHandler                     0x08000243   Thumb Code     0  startup_stm32f407xx.o(.text)
    RTC_WKUP_IRQHandler                      0x08000243   Thumb Code     0  startup_stm32f407xx.o(.text)
    SDIO_IRQHandler                          0x08000243   Thumb Code     0  startup_stm32f407xx.o(.text)
    SPI1_IRQHandler                          0x08000243   Thumb Code     0  startup_stm32f407xx.o(.text)
    SPI2_IRQHandler                          0x08000243   Thumb Code     0  startup_stm32f407xx.o(.text)
    SPI3_IRQHandler                          0x08000243   Thumb Code     0  startup_stm32f407xx.o(.text)
    TAMP_STAMP_IRQHandler                    0x08000243   Thumb Code     0  startup_stm32f407xx.o(.text)
    TIM1_BRK_TIM9_IRQHandler                 0x08000243   Thumb Code     0  startup_stm32f407xx.o(.text)
    TIM1_CC_IRQHandler                       0x08000243   Thumb Code     0  startup_stm32f407xx.o(.text)
    TIM1_TRG_COM_TIM11_IRQHandler            0x08000243   Thumb Code     0  startup_stm32f407xx.o(.text)
    TIM1_UP_TIM10_IRQHandler                 0x08000243   Thumb Code     0  startup_stm32f407xx.o(.text)
    TIM2_IRQHandler                          0x08000243   Thumb Code     0  startup_stm32f407xx.o(.text)
    TIM3_IRQHandler                          0x08000243   Thumb Code     0  startup_stm32f407xx.o(.text)
    TIM4_IRQHandler                          0x08000243   Thumb Code     0  startup_stm32f407xx.o(.text)
    TIM5_IRQHandler                          0x08000243   Thumb Code     0  startup_stm32f407xx.o(.text)
    TIM6_DAC_IRQHandler                      0x08000243   Thumb Code     0  startup_stm32f407xx.o(.text)
    TIM7_IRQHandler                          0x08000243   Thumb Code     0  startup_stm32f407xx.o(.text)
    TIM8_BRK_TIM12_IRQHandler                0x08000243   Thumb Code     0  startup_stm32f407xx.o(.text)
    TIM8_CC_IRQHandler                       0x08000243   Thumb Code     0  startup_stm32f407xx.o(.text)
    TIM8_TRG_COM_TIM14_IRQHandler            0x08000243   Thumb Code     0  startup_stm32f407xx.o(.text)
    TIM8_UP_TIM13_IRQHandler                 0x08000243   Thumb Code     0  startup_stm32f407xx.o(.text)
    UART4_IRQHandler                         0x08000243   Thumb Code     0  startup_stm32f407xx.o(.text)
    UART5_IRQHandler                         0x08000243   Thumb Code     0  startup_stm32f407xx.o(.text)
    USART1_IRQHandler                        0x08000243   Thumb Code     0  startup_stm32f407xx.o(.text)
    USART2_IRQHandler                        0x08000243   Thumb Code     0  startup_stm32f407xx.o(.text)
    USART3_IRQHandler                        0x08000243   Thumb Code     0  startup_stm32f407xx.o(.text)
    USART6_IRQHandler                        0x08000243   Thumb Code     0  startup_stm32f407xx.o(.text)
    WWDG_IRQHandler                          0x08000243   Thumb Code     0  startup_stm32f407xx.o(.text)
    __user_initial_stackheap                 0x08000245   Thumb Code     0  startup_stm32f407xx.o(.text)
    __aeabi_memclr4                          0x08000269   Thumb Code     0  rt_memclr_w.o(.text)
    __aeabi_memclr8                          0x08000269   Thumb Code     0  rt_memclr_w.o(.text)
    __rt_memclr_w                            0x08000269   Thumb Code    78  rt_memclr_w.o(.text)
    _memset_w                                0x0800026d   Thumb Code     0  rt_memclr_w.o(.text)
    __use_two_region_memory                  0x080002b7   Thumb Code     2  heapauxi.o(.text)
    __rt_heap_escrow                         0x080002b9   Thumb Code     2  heapauxi.o(.text)
    __rt_heap_expand                         0x080002bb   Thumb Code     2  heapauxi.o(.text)
    __user_setup_stackheap                   0x080002bd   Thumb Code    74  sys_stackheap_outer.o(.text)
    exit                                     0x08000307   Thumb Code    18  exit.o(.text)
    _sys_exit                                0x08000319   Thumb Code     8  sys_exit.o(.text)
    __user_libspace                          0x08000325   Thumb Code     8  libspace.o(.text)
    __user_perproc_libspace                  0x08000325   Thumb Code     0  libspace.o(.text)
    __user_perthread_libspace                0x08000325   Thumb Code     0  libspace.o(.text)
    __I$use$semihosting                      0x0800032d   Thumb Code     0  use_no_semi.o(.text)
    __use_no_semihosting_swi                 0x0800032d   Thumb Code     2  use_no_semi.o(.text)
    HAL_Delay                                0x0800032f   Thumb Code    26  stm32f4xx_hal.o(i.HAL_Delay)
    __semihosting_library_function           0x0800032f   Thumb Code     0  indicate_semi.o(.text)
    HAL_GPIO_Init                            0x08000349   Thumb Code   476  stm32f4xx_hal_gpio.o(i.HAL_GPIO_Init)
    HAL_GPIO_WritePin                        0x08000555   Thumb Code    12  stm32f4xx_hal_gpio.o(i.HAL_GPIO_WritePin)
    HAL_GetTick                              0x08000561   Thumb Code     6  stm32f4xx_hal.o(i.HAL_GetTick)
    HAL_IncTick                              0x0800056d   Thumb Code    12  stm32f4xx_hal.o(i.HAL_IncTick)
    HAL_Init                                 0x0800057d   Thumb Code    54  stm32f4xx_hal.o(i.HAL_Init)
    HAL_InitTick                             0x080005b9   Thumb Code    36  stm32f4xx_hal.o(i.HAL_InitTick)
    HAL_MspInit                              0x080005dd   Thumb Code    10  stm32f4xx_hal.o(i.HAL_MspInit)
    HAL_NVIC_SetPriority                     0x080005e7   Thumb Code   124  stm32f4xx_hal_cortex.o(i.HAL_NVIC_SetPriority)
    HAL_NVIC_SetPriorityGrouping             0x08000665   Thumb Code    32  stm32f4xx_hal_cortex.o(i.HAL_NVIC_SetPriorityGrouping)
    HAL_RCC_GetHCLKFreq                      0x0800068d   Thumb Code    42  stm32f4xx_hal_rcc.o(i.HAL_RCC_GetHCLKFreq)
    HAL_RCC_GetSysClockFreq                  0x080006c5   Thumb Code   168  stm32f4xx_hal_rcc.o(i.HAL_RCC_GetSysClockFreq)
    HAL_SYSTICK_Config                       0x08000779   Thumb Code    52  stm32f4xx_hal_cortex.o(i.HAL_SYSTICK_Config)
    SysTick_Handler                          0x080007ad   Thumb Code     8  main.o(i.SysTick_Handler)
    SystemInit                               0x080007b5   Thumb Code    82  system_stm32f4xx.o(i.SystemInit)
    LiquidCrystal::write4bits(unsigned char) 0x08000819   Thumb Code   130  liquidcrystal.o(i._ZN13LiquidCrystal10write4bitsEh)
    LiquidCrystal::leftToRight()             0x080008a1   Thumb Code    26  liquidcrystal.o(i._ZN13LiquidCrystal11leftToRightEv)
    LiquidCrystal::pulseEnable()             0x080008bd   Thumb Code    38  liquidcrystal.o(i._ZN13LiquidCrystal11pulseEnableEv)
    LiquidCrystal::rightToLeft()             0x080008e9   Thumb Code    26  liquidcrystal.o(i._ZN13LiquidCrystal11rightToLeftEv)
    LiquidCrystal::setRowOffsets(int, int, int, int) 0x08000903   Thumb Code    14  liquidcrystal.o(i._ZN13LiquidCrystal13setRowOffsetsEiiii)
    LiquidCrystal::home()                    0x08000911   Thumb Code    22  liquidcrystal.o(i._ZN13LiquidCrystal4homeEv)
    LiquidCrystal::init()                    0x08000927   Thumb Code    22  liquidcrystal.o(i._ZN13LiquidCrystal4initEv)
    LiquidCrystal::send(unsigned char, GPIO_PinState) 0x0800093d   Thumb Code    38  liquidcrystal.o(i._ZN13LiquidCrystal4sendEh13GPIO_PinState)
    LiquidCrystal::begin(unsigned char, unsigned char, unsigned char) 0x08000969   Thumb Code   378  liquidcrystal.o(i._ZN13LiquidCrystal5beginEhhh)
    LiquidCrystal::clear()                   0x08000af1   Thumb Code    22  liquidcrystal.o(i._ZN13LiquidCrystal5clearEv)
    LiquidCrystal::write(unsigned char)      0x08000b07   Thumb Code    20  liquidcrystal.o(i._ZN13LiquidCrystal5writeEh)
    LiquidCrystal::cursor()                  0x08000b1b   Thumb Code    26  liquidcrystal.o(i._ZN13LiquidCrystal6cursorEv)
    LiquidCrystal::command(unsigned char)    0x08000b35   Thumb Code    18  liquidcrystal.o(i._ZN13LiquidCrystal7commandEh)
    LiquidCrystal::display()                 0x08000b47   Thumb Code    26  liquidcrystal.o(i._ZN13LiquidCrystal7displayEv)
    LiquidCrystal::LiquidCrystal()           0x08000b61   Thumb Code    18  liquidcrystal.o(i._ZN13LiquidCrystalC1Ev)
    LiquidCrystal::LiquidCrystal__sub_object() 0x08000b61   Thumb Code     0  liquidcrystal.o(i._ZN13LiquidCrystalC1Ev)
    main                                     0x08000bb1   Thumb Code   116  main.o(i.main)
    _fp_init                                 0x08000c29   Thumb Code    10  fpinit.o(x$fpl$fpinit)
    __fplib_config_fpu_vfp                   0x08000c31   Thumb Code     0  fpinit.o(x$fpl$fpinit)
    __fplib_config_pureend_doubles           0x08000c31   Thumb Code     0  fpinit.o(x$fpl$fpinit)
    APBAHBPrescTable                         0x08000c32   Data          16  stm32f4xx_hal_rcc.o(.constdata)
    vtable for LiquidCrystal                 0x08000c44   Data          12  liquidcrystal.o(.constdata__ZTV13LiquidCrystal)
    Region$$Table$$Base                      0x08000c50   Number         0  anon$$obj.o(Region$$Table)
    Region$$Table$$Limit                     0x08000c70   Number         0  anon$$obj.o(Region$$Table)
    SystemCoreClock                          0x20000004   Data           4  system_stm32f4xx.o(.data)
    __libspace_start                         0x20000008   Data          96  libspace.o(.bss)
    __temporary_stack_top$libspace           0x20000068   Data           0  libspace.o(.bss)



==============================================================================

Memory Map of the image

  Image Entry point : 0x08000189

  Load Region LR_IROM1 (Base: 0x08000000, Size: 0x00000c78, Max: 0x00080000, ABSOLUTE)

    Execution Region ER_IROM1 (Exec base: 0x08000000, Load base: 0x08000000, Size: 0x00000c70, Max: 0x00080000, ABSOLUTE)

    Exec Addr    Load Addr    Size         Type   Attr      Idx    E Section Name        Object

    0x08000000   0x08000000   0x00000188   Data   RO         1119    RESET               startup_stm32f407xx.o
    0x08000188   0x08000188   0x00000008   Code   RO         1167  * !!!main             c_w.l(__main.o)
    0x08000190   0x08000190   0x00000034   Code   RO         1578    !!!scatter          c_w.l(__scatter.o)
    0x080001c4   0x080001c4   0x0000001a   Code   RO         1580    !!handler_copy      c_w.l(__scatter_copy.o)
    0x080001de   0x080001de   0x00000002   PAD
    0x080001e0   0x080001e0   0x0000001c   Code   RO         1582    !!handler_zi        c_w.l(__scatter_zi.o)
    0x080001fc   0x080001fc   0x00000002   Code   RO         1389    .ARM.Collect$$libinit$$00000000  c_w.l(libinit.o)
    0x080001fe   0x080001fe   0x00000004   Code   RO         1441    .ARM.Collect$$libinit$$00000001  c_w.l(libinit2.o)
    0x08000202   0x08000202   0x00000000   Code   RO         1444    .ARM.Collect$$libinit$$00000004  c_w.l(libinit2.o)
    0x08000202   0x08000202   0x00000000   Code   RO         1447    .ARM.Collect$$libinit$$0000000A  c_w.l(libinit2.o)
    0x08000202   0x08000202   0x00000000   Code   RO         1449    .ARM.Collect$$libinit$$0000000C  c_w.l(libinit2.o)
    0x08000202   0x08000202   0x00000000   Code   RO         1451    .ARM.Collect$$libinit$$0000000E  c_w.l(libinit2.o)
    0x08000202   0x08000202   0x00000000   Code   RO         1454    .ARM.Collect$$libinit$$00000011  c_w.l(libinit2.o)
    0x08000202   0x08000202   0x00000000   Code   RO         1456    .ARM.Collect$$libinit$$00000013  c_w.l(libinit2.o)
    0x08000202   0x08000202   0x00000000   Code   RO         1458    .ARM.Collect$$libinit$$00000015  c_w.l(libinit2.o)
    0x08000202   0x08000202   0x00000000   Code   RO         1460    .ARM.Collect$$libinit$$00000017  c_w.l(libinit2.o)
    0x08000202   0x08000202   0x00000000   Code   RO         1462    .ARM.Collect$$libinit$$00000019  c_w.l(libinit2.o)
    0x08000202   0x08000202   0x00000000   Code   RO         1464    .ARM.Collect$$libinit$$0000001B  c_w.l(libinit2.o)
    0x08000202   0x08000202   0x00000000   Code   RO         1466    .ARM.Collect$$libinit$$0000001D  c_w.l(libinit2.o)
    0x08000202   0x08000202   0x00000000   Code   RO         1468    .ARM.Collect$$libinit$$0000001F  c_w.l(libinit2.o)
    0x08000202   0x08000202   0x00000000   Code   RO         1470    .ARM.Collect$$libinit$$00000021  c_w.l(libinit2.o)
    0x08000202   0x08000202   0x00000000   Code   RO         1472    .ARM.Collect$$libinit$$00000023  c_w.l(libinit2.o)
    0x08000202   0x08000202   0x00000000   Code   RO         1474    .ARM.Collect$$libinit$$00000025  c_w.l(libinit2.o)
    0x08000202   0x08000202   0x00000000   Code   RO         1478    .ARM.Collect$$libinit$$0000002C  c_w.l(libinit2.o)
    0x08000202   0x08000202   0x00000000   Code   RO         1480    .ARM.Collect$$libinit$$0000002E  c_w.l(libinit2.o)
    0x08000202   0x08000202   0x00000000   Code   RO         1482    .ARM.Collect$$libinit$$00000030  c_w.l(libinit2.o)
    0x08000202   0x08000202   0x00000000   Code   RO         1484    .ARM.Collect$$libinit$$00000032  c_w.l(libinit2.o)
    0x08000202   0x08000202   0x00000002   Code   RO         1485    .ARM.Collect$$libinit$$00000033  c_w.l(libinit2.o)
    0x08000204   0x08000204   0x00000002   Code   RO         1537    .ARM.Collect$$libshutdown$$00000000  c_w.l(libshutdown.o)
    0x08000206   0x08000206   0x00000000   Code   RO         1547    .ARM.Collect$$libshutdown$$00000002  c_w.l(libshutdown2.o)
    0x08000206   0x08000206   0x00000000   Code   RO         1549    .ARM.Collect$$libshutdown$$00000004  c_w.l(libshutdown2.o)
    0x08000206   0x08000206   0x00000000   Code   RO         1552    .ARM.Collect$$libshutdown$$00000007  c_w.l(libshutdown2.o)
    0x08000206   0x08000206   0x00000000   Code   RO         1555    .ARM.Collect$$libshutdown$$0000000A  c_w.l(libshutdown2.o)
    0x08000206   0x08000206   0x00000000   Code   RO         1557    .ARM.Collect$$libshutdown$$0000000C  c_w.l(libshutdown2.o)
    0x08000206   0x08000206   0x00000000   Code   RO         1560    .ARM.Collect$$libshutdown$$0000000F  c_w.l(libshutdown2.o)
    0x08000206   0x08000206   0x00000002   Code   RO         1561    .ARM.Collect$$libshutdown$$00000010  c_w.l(libshutdown2.o)
    0x08000208   0x08000208   0x00000000   Code   RO         1275    .ARM.Collect$$rtentry$$00000000  c_w.l(__rtentry.o)
    0x08000208   0x08000208   0x00000000   Code   RO         1290    .ARM.Collect$$rtentry$$00000002  c_w.l(__rtentry2.o)
    0x08000208   0x08000208   0x00000006   Code   RO         1302    .ARM.Collect$$rtentry$$00000004  c_w.l(__rtentry4.o)
    0x0800020e   0x0800020e   0x00000000   Code   RO         1292    .ARM.Collect$$rtentry$$00000009  c_w.l(__rtentry2.o)
    0x0800020e   0x0800020e   0x00000004   Code   RO         1293    .ARM.Collect$$rtentry$$0000000A  c_w.l(__rtentry2.o)
    0x08000212   0x08000212   0x00000000   Code   RO         1295    .ARM.Collect$$rtentry$$0000000C  c_w.l(__rtentry2.o)
    0x08000212   0x08000212   0x00000008   Code   RO         1296    .ARM.Collect$$rtentry$$0000000D  c_w.l(__rtentry2.o)
    0x0800021a   0x0800021a   0x00000002   Code   RO         1400    .ARM.Collect$$rtexit$$00000000  c_w.l(rtexit.o)
    0x0800021c   0x0800021c   0x00000000   Code   RO         1492    .ARM.Collect$$rtexit$$00000002  c_w.l(rtexit2.o)
    0x0800021c   0x0800021c   0x00000004   Code   RO         1493    .ARM.Collect$$rtexit$$00000003  c_w.l(rtexit2.o)
    0x08000220   0x08000220   0x00000006   Code   RO         1494    .ARM.Collect$$rtexit$$00000004  c_w.l(rtexit2.o)
    0x08000226   0x08000226   0x00000002   PAD
    0x08000228   0x08000228   0x00000040   Code   RO         1120    .text               startup_stm32f407xx.o
    0x08000268   0x08000268   0x0000004e   Code   RO         1163    .text               c_w.l(rt_memclr_w.o)
    0x080002b6   0x080002b6   0x00000006   Code   RO         1165    .text               c_w.l(heapauxi.o)
    0x080002bc   0x080002bc   0x0000004a   Code   RO         1317    .text               c_w.l(sys_stackheap_outer.o)
    0x08000306   0x08000306   0x00000012   Code   RO         1380    .text               c_w.l(exit.o)
    0x08000318   0x08000318   0x0000000c   Code   RO         1393    .text               c_w.l(sys_exit.o)
    0x08000324   0x08000324   0x00000008   Code   RO         1395    .text               c_w.l(libspace.o)
    0x0800032c   0x0800032c   0x00000002   Code   RO         1488    .text               c_w.l(use_no_semi.o)
    0x0800032e   0x0800032e   0x00000000   Code   RO         1490    .text               c_w.l(indicate_semi.o)
    0x0800032e   0x0800032e   0x0000001a   Code   RO          353    i.HAL_Delay         stm32f4xx_hal.o
    0x08000348   0x08000348   0x0000020c   Code   RO          916    i.HAL_GPIO_Init     stm32f4xx_hal_gpio.o
    0x08000554   0x08000554   0x0000000c   Code   RO          920    i.HAL_GPIO_WritePin  stm32f4xx_hal_gpio.o
    0x08000560   0x08000560   0x0000000c   Code   RO          359    i.HAL_GetTick       stm32f4xx_hal.o
    0x0800056c   0x0800056c   0x00000010   Code   RO          360    i.HAL_IncTick       stm32f4xx_hal.o
    0x0800057c   0x0800057c   0x0000003c   Code   RO          361    i.HAL_Init          stm32f4xx_hal.o
    0x080005b8   0x080005b8   0x00000024   Code   RO          362    i.HAL_InitTick      stm32f4xx_hal.o
    0x080005dc   0x080005dc   0x0000000a   Code   RO          364    i.HAL_MspInit       stm32f4xx_hal.o
    0x080005e6   0x080005e6   0x0000007c   Code   RO          571    i.HAL_NVIC_SetPriority  stm32f4xx_hal_cortex.o
    0x08000662   0x08000662   0x00000002   PAD
    0x08000664   0x08000664   0x00000028   Code   RO          572    i.HAL_NVIC_SetPriorityGrouping  stm32f4xx_hal_cortex.o
    0x0800068c   0x0800068c   0x00000038   Code   RO          985    i.HAL_RCC_GetHCLKFreq  stm32f4xx_hal_rcc.o
    0x080006c4   0x080006c4   0x000000b4   Code   RO          989    i.HAL_RCC_GetSysClockFreq  stm32f4xx_hal_rcc.o
    0x08000778   0x08000778   0x00000034   Code   RO          576    i.HAL_SYSTICK_Config  stm32f4xx_hal_cortex.o
    0x080007ac   0x080007ac   0x00000008   Code   RO          267    i.SysTick_Handler   main.o
    0x080007b4   0x080007b4   0x00000064   Code   RO         1128    i.SystemInit        system_stm32f4xx.o
    0x08000818   0x08000818   0x00000088   Code   RO            6    i._ZN13LiquidCrystal10write4bitsEh  liquidcrystal.o
    0x080008a0   0x080008a0   0x0000001a   Code   RO            7    i._ZN13LiquidCrystal11leftToRightEv  liquidcrystal.o
    0x080008ba   0x080008ba   0x00000002   PAD
    0x080008bc   0x080008bc   0x0000002c   Code   RO            8    i._ZN13LiquidCrystal11pulseEnableEv  liquidcrystal.o
    0x080008e8   0x080008e8   0x0000001a   Code   RO            9    i._ZN13LiquidCrystal11rightToLeftEv  liquidcrystal.o
    0x08000902   0x08000902   0x0000000e   Code   RO           11    i._ZN13LiquidCrystal13setRowOffsetsEiiii  liquidcrystal.o
    0x08000910   0x08000910   0x00000016   Code   RO           14    i._ZN13LiquidCrystal4homeEv  liquidcrystal.o
    0x08000926   0x08000926   0x00000016   Code   RO           15    i._ZN13LiquidCrystal4initEv  liquidcrystal.o
    0x0800093c   0x0800093c   0x0000002c   Code   RO           16    i._ZN13LiquidCrystal4sendEh13GPIO_PinState  liquidcrystal.o
    0x08000968   0x08000968   0x00000188   Code   RO           17    i._ZN13LiquidCrystal5beginEhhh  liquidcrystal.o
    0x08000af0   0x08000af0   0x00000016   Code   RO           19    i._ZN13LiquidCrystal5clearEv  liquidcrystal.o
    0x08000b06   0x08000b06   0x00000014   Code   RO           21    i._ZN13LiquidCrystal5writeEh  liquidcrystal.o
    0x08000b1a   0x08000b1a   0x0000001a   Code   RO           22    i._ZN13LiquidCrystal6cursorEv  liquidcrystal.o
    0x08000b34   0x08000b34   0x00000012   Code   RO          171    i._ZN13LiquidCrystal7commandEh  liquidcrystal.o
    0x08000b46   0x08000b46   0x0000001a   Code   RO           23    i._ZN13LiquidCrystal7displayEv  liquidcrystal.o
    0x08000b60   0x08000b60   0x00000018   Code   RO           28    i._ZN13LiquidCrystalC1Ev  liquidcrystal.o
    0x08000b78   0x08000b78   0x00000010   Code   RO          578    i.__NVIC_GetPriorityGrouping  stm32f4xx_hal_cortex.o
    0x08000b88   0x08000b88   0x00000028   Code   RO          579    i.__NVIC_SetPriority  stm32f4xx_hal_cortex.o
    0x08000bb0   0x08000bb0   0x00000078   Code   RO          268    i.main              main.o
    0x08000c28   0x08000c28   0x0000000a   Code   RO         1521    x$fpl$fpinit        fz_wm.l(fpinit.o)
    0x08000c32   0x08000c32   0x00000010   Data   RO          993    .constdata          stm32f4xx_hal_rcc.o
    0x08000c42   0x08000c42   0x00000002   PAD
    0x08000c44   0x08000c44   0x0000000c   Data   RO          170    .constdata__ZTV13LiquidCrystal  liquidcrystal.o
    0x08000c50   0x08000c50   0x00000020   Data   RO         1576    Region$$Table       anon$$obj.o


    Execution Region RW_IRAM1 (Exec base: 0x20000000, Load base: 0x08000c70, Size: 0x00000668, Max: 0x00020000, ABSOLUTE)

    Exec Addr    Load Addr    Size         Type   Attr      Idx    E Section Name        Object

    0x20000000   0x08000c70   0x00000004   Data   RW          367    .data               stm32f4xx_hal.o
    0x20000004   0x08000c74   0x00000004   Data   RW         1130    .data               system_stm32f4xx.o
    0x20000008        -       0x00000060   Zero   RW         1396    .bss                c_w.l(libspace.o)
    0x20000068        -       0x00000200   Zero   RW         1118    HEAP                startup_stm32f407xx.o
    0x20000268        -       0x00000400   Zero   RW         1117    STACK               startup_stm32f407xx.o


==============================================================================

Image component sizes


      Code (inc. data)   RO Data    RW Data    ZI Data      Debug   Object Name

       862         38         12          0          0      20648   liquidcrystal.o
       128          4          0          0          0       9017   main.o
        64         26        392          0       1536        852   startup_stm32f407xx.o
       160         16          0          4          0     320768   stm32f4xx_hal.o
       272         22          0          0          0      34262   stm32f4xx_hal_cortex.o
       536         48          0          0          0       2728   stm32f4xx_hal_gpio.o
       236         26         16          0          0       2543   stm32f4xx_hal_rcc.o
       100         18          0          4          0       1285   system_stm32f4xx.o

    ----------------------------------------------------------------------
      2362        198        454          8       1536     392103   Object Totals
         0          0         32          0          0          0   (incl. Generated)
         4          0          2          0          0          0   (incl. Padding)

    ----------------------------------------------------------------------

      Code (inc. data)   RO Data    RW Data    ZI Data      Debug   Library Member Name

         8          0          0          0          0         68   __main.o
         0          0          0          0          0          0   __rtentry.o
        12          0          0          0          0          0   __rtentry2.o
         6          0          0          0          0          0   __rtentry4.o
        52          8          0          0          0          0   __scatter.o
        26          0          0          0          0          0   __scatter_copy.o
        28          0          0          0          0          0   __scatter_zi.o
        18          0          0          0          0         80   exit.o
         6          0          0          0          0        152   heapauxi.o
         0          0          0          0          0          0   indicate_semi.o
         2          0          0          0          0          0   libinit.o
         6          0          0          0          0          0   libinit2.o
         2          0          0          0          0          0   libshutdown.o
         2          0          0          0          0          0   libshutdown2.o
         8          4          0          0         96         68   libspace.o
        78          0          0          0          0         80   rt_memclr_w.o
         2          0          0          0          0          0   rtexit.o
        10          0          0          0          0          0   rtexit2.o
        12          4          0          0          0         68   sys_exit.o
        74          0          0          0          0         80   sys_stackheap_outer.o
         2          0          0          0          0         68   use_no_semi.o
        10          0          0          0          0        116   fpinit.o

    ----------------------------------------------------------------------
       368         16          0          0         96        780   Library Totals
         4          0          0          0          0          0   (incl. Padding)

    ----------------------------------------------------------------------

      Code (inc. data)   RO Data    RW Data    ZI Data      Debug   Library Name

       354         16          0          0         96        664   c_w.l
        10          0          0          0          0        116   fz_wm.l

    ----------------------------------------------------------------------
       368         16          0          0         96        780   Library Totals

    ----------------------------------------------------------------------

==============================================================================


      Code (inc. data)   RO Data    RW Data    ZI Data      Debug   

      2730        214        454          8       1632     389675   Grand Totals
      2730        214        454          8       1632     389675   ELF Image Totals
      2730        214        454          8          0          0   ROM Totals

==============================================================================

    Total RO  Size (Code + RO Data)                 3184 (   3.11kB)
    Total RW  Size (RW Data + ZI Data)              1640 (   1.60kB)
    Total ROM Size (Code + RO Data + RW Data)       3192 (   3.12kB)

==============================================================================

